Component: Arm Compiler for Embedded 6.21 Tool: armlink [5ec1fa00]

==============================================================================

Section Cross References

    startup_stm32f10x_hd.o(RESET) refers to startup_stm32f10x_hd.o(STACK) for __initial_sp
    startup_stm32f10x_hd.o(RESET) refers to startup_stm32f10x_hd.o(.text) for Reset_Handler
    startup_stm32f10x_hd.o(RESET) refers to port.o(.text.SVC_Handler) for SVC_Handler
    startup_stm32f10x_hd.o(RESET) refers to port.o(.text.PendSV_Handler) for PendSV_Handler
    startup_stm32f10x_hd.o(RESET) refers to port.o(.text.SysTick_Handler) for SysTick_Handler
    startup_stm32f10x_hd.o(.text) refers to system_stm32f10x.o(.text.SystemInit) for SystemInit
    startup_stm32f10x_hd.o(.text) refers to entry.o(.ARM.Collect$$$$00000000) for __main
    system_stm32f10x.o(.ARM.exidx.text.SystemInit) refers to system_stm32f10x.o(.text.SystemInit) for [Anonymous Symbol]
    system_stm32f10x.o(.text.SystemCoreClockUpdate) refers to system_stm32f10x.o(.data.SystemCoreClock) for SystemCoreClock
    system_stm32f10x.o(.text.SystemCoreClockUpdate) refers to system_stm32f10x.o(.rodata.AHBPrescTable) for AHBPrescTable
    system_stm32f10x.o(.ARM.exidx.text.SystemCoreClockUpdate) refers to system_stm32f10x.o(.text.SystemCoreClockUpdate) for [Anonymous Symbol]
    misc.o(.ARM.exidx.text.NVIC_PriorityGroupConfig) refers to misc.o(.text.NVIC_PriorityGroupConfig) for [Anonymous Symbol]
    misc.o(.ARM.exidx.text.NVIC_Init) refers to misc.o(.text.NVIC_Init) for [Anonymous Symbol]
    misc.o(.ARM.exidx.text.NVIC_SetVectorTable) refers to misc.o(.text.NVIC_SetVectorTable) for [Anonymous Symbol]
    misc.o(.ARM.exidx.text.NVIC_SystemLPConfig) refers to misc.o(.text.NVIC_SystemLPConfig) for [Anonymous Symbol]
    misc.o(.ARM.exidx.text.SysTick_CLKSourceConfig) refers to misc.o(.text.SysTick_CLKSourceConfig) for [Anonymous Symbol]
    stm32f10x_adc.o(.text.ADC_DeInit) refers to stm32f10x_rcc.o(.text.RCC_APB2PeriphResetCmd) for RCC_APB2PeriphResetCmd
    stm32f10x_adc.o(.ARM.exidx.text.ADC_DeInit) refers to stm32f10x_adc.o(.text.ADC_DeInit) for [Anonymous Symbol]
    stm32f10x_adc.o(.ARM.exidx.text.ADC_Init) refers to stm32f10x_adc.o(.text.ADC_Init) for [Anonymous Symbol]
    stm32f10x_adc.o(.ARM.exidx.text.ADC_StructInit) refers to stm32f10x_adc.o(.text.ADC_StructInit) for [Anonymous Symbol]
    stm32f10x_adc.o(.ARM.exidx.text.ADC_Cmd) refers to stm32f10x_adc.o(.text.ADC_Cmd) for [Anonymous Symbol]
    stm32f10x_adc.o(.ARM.exidx.text.ADC_DMACmd) refers to stm32f10x_adc.o(.text.ADC_DMACmd) for [Anonymous Symbol]
    stm32f10x_adc.o(.ARM.exidx.text.ADC_ITConfig) refers to stm32f10x_adc.o(.text.ADC_ITConfig) for [Anonymous Symbol]
    stm32f10x_adc.o(.ARM.exidx.text.ADC_ResetCalibration) refers to stm32f10x_adc.o(.text.ADC_ResetCalibration) for [Anonymous Symbol]
    stm32f10x_adc.o(.ARM.exidx.text.ADC_GetResetCalibrationStatus) refers to stm32f10x_adc.o(.text.ADC_GetResetCalibrationStatus) for [Anonymous Symbol]
    stm32f10x_adc.o(.ARM.exidx.text.ADC_StartCalibration) refers to stm32f10x_adc.o(.text.ADC_StartCalibration) for [Anonymous Symbol]
    stm32f10x_adc.o(.ARM.exidx.text.ADC_GetCalibrationStatus) refers to stm32f10x_adc.o(.text.ADC_GetCalibrationStatus) for [Anonymous Symbol]
    stm32f10x_adc.o(.ARM.exidx.text.ADC_SoftwareStartConvCmd) refers to stm32f10x_adc.o(.text.ADC_SoftwareStartConvCmd) for [Anonymous Symbol]
    stm32f10x_adc.o(.ARM.exidx.text.ADC_GetSoftwareStartConvStatus) refers to stm32f10x_adc.o(.text.ADC_GetSoftwareStartConvStatus) for [Anonymous Symbol]
    stm32f10x_adc.o(.ARM.exidx.text.ADC_DiscModeChannelCountConfig) refers to stm32f10x_adc.o(.text.ADC_DiscModeChannelCountConfig) for [Anonymous Symbol]
    stm32f10x_adc.o(.ARM.exidx.text.ADC_DiscModeCmd) refers to stm32f10x_adc.o(.text.ADC_DiscModeCmd) for [Anonymous Symbol]
    stm32f10x_adc.o(.ARM.exidx.text.ADC_RegularChannelConfig) refers to stm32f10x_adc.o(.text.ADC_RegularChannelConfig) for [Anonymous Symbol]
    stm32f10x_adc.o(.ARM.exidx.text.ADC_ExternalTrigConvCmd) refers to stm32f10x_adc.o(.text.ADC_ExternalTrigConvCmd) for [Anonymous Symbol]
    stm32f10x_adc.o(.ARM.exidx.text.ADC_GetConversionValue) refers to stm32f10x_adc.o(.text.ADC_GetConversionValue) for [Anonymous Symbol]
    stm32f10x_adc.o(.ARM.exidx.text.ADC_GetDualModeConversionValue) refers to stm32f10x_adc.o(.text.ADC_GetDualModeConversionValue) for [Anonymous Symbol]
    stm32f10x_adc.o(.ARM.exidx.text.ADC_AutoInjectedConvCmd) refers to stm32f10x_adc.o(.text.ADC_AutoInjectedConvCmd) for [Anonymous Symbol]
    stm32f10x_adc.o(.ARM.exidx.text.ADC_InjectedDiscModeCmd) refers to stm32f10x_adc.o(.text.ADC_InjectedDiscModeCmd) for [Anonymous Symbol]
    stm32f10x_adc.o(.ARM.exidx.text.ADC_ExternalTrigInjectedConvConfig) refers to stm32f10x_adc.o(.text.ADC_ExternalTrigInjectedConvConfig) for [Anonymous Symbol]
[...]
    vTaskBluetooth                           0x08004ea5   Thumb Code    12  main.o(.text.vTaskBluetooth)
    [Anonymous Symbol]                       0x08004ea4   Section        0  main.o(.text.vTaskBluetooth)
    [Anonymous Symbol]                       0x08004eb0   Section        0  tasks.o(.text.vTaskDelay)
    vTaskDisplay                             0x08004f05   Thumb Code   216  main.o(.text.vTaskDisplay)
    [Anonymous Symbol]                       0x08004f04   Section        0  main.o(.text.vTaskDisplay)
    [Anonymous Symbol]                       0x08004fdc   Section        0  tasks.o(.text.vTaskInternalSetTimeOutState)
    [Anonymous Symbol]                       0x08004ff8   Section        0  tasks.o(.text.vTaskMissedYield)
    [Anonymous Symbol]                       0x08005008   Section        0  tasks.o(.text.vTaskPlaceOnEventList)
    [Anonymous Symbol]                       0x08005040   Section        0  tasks.o(.text.vTaskPriorityDisinheritAfterTimeout)
    vTaskSensors                             0x08005119   Thumb Code   168  main.o(.text.vTaskSensors)
    [Anonymous Symbol]                       0x08005118   Section        0  main.o(.text.vTaskSensors)
    [Anonymous Symbol]                       0x080051c0   Section        0  tasks.o(.text.vTaskStartScheduler)
    [Anonymous Symbol]                       0x08005250   Section        0  tasks.o(.text.vTaskSuspendAll)
    [Anonymous Symbol]                       0x08005260   Section        0  tasks.o(.text.vTaskSwitchContext)
    vTaskVoice                               0x080052fd   Thumb Code    12  main.o(.text.vTaskVoice)
    [Anonymous Symbol]                       0x080052fc   Section        0  main.o(.text.vTaskVoice)
    write_byte                               0x08005309   Thumb Code   110  ds1302.o(.text.write_byte)
    [Anonymous Symbol]                       0x08005308   Section        0  ds1302.o(.text.write_byte)
    [Anonymous Symbol]                       0x08005378   Section        0  port.o(.text.xPortStartScheduler)
    [Anonymous Symbol]                       0x08005458   Section        0  queue.o(.text.xQueueCreateMutex)
    [Anonymous Symbol]                       0x08005494   Section        0  queue.o(.text.xQueueGenericReset)
    [Anonymous Symbol]                       0x0800553c   Section        0  queue.o(.text.xQueueGenericSend)
    [Anonymous Symbol]                       0x0800572c   Section        0  queue.o(.text.xQueueSemaphoreTake)
    [Anonymous Symbol]                       0x080058e0   Section        0  tasks.o(.text.xTaskCheckForTimeOut)
    [Anonymous Symbol]                       0x08005984   Section        0  tasks.o(.text.xTaskCreate)
    [Anonymous Symbol]                       0x08005b84   Section        0  tasks.o(.text.xTaskGetSchedulerState)
    [Anonymous Symbol]                       0x08005bac   Section        0  tasks.o(.text.xTaskGetTickCount)
    [Anonymous Symbol]                       0x08005bb8   Section        0  tasks.o(.text.xTaskIncrementTick)
    [Anonymous Symbol]                       0x08005d68   Section        0  tasks.o(.text.xTaskPriorityDisinherit)
    [Anonymous Symbol]                       0x08005e2c   Section        0  tasks.o(.text.xTaskPriorityInherit)
    [Anonymous Symbol]                       0x08005eec   Section        0  tasks.o(.text.xTaskRemoveFromEventList)
    [Anonymous Symbol]                       0x08005fc8   Section        0  tasks.o(.text.xTaskResumeAll)
    i.__0snprintf                            0x08006154   Section        0  printfa.o(i.__0snprintf)
    i.__scatterload_copy                     0x08006188   Section       14  handlers.o(i.__scatterload_copy)
    i.__scatterload_null                     0x08006196   Section        2  handlers.o(i.__scatterload_null)
    i.__scatterload_zeroinit                 0x08006198   Section       14  handlers.o(i.__scatterload_zeroinit)
    i.__set_errno                            0x080061a8   Section        0  errno.o(i.__set_errno)
    _fp_digits                               0x080061b5   Thumb Code   366  printfa.o(i._fp_digits)
    i._fp_digits                             0x080061b4   Section        0  printfa.o(i._fp_digits)
    _printf_core                             0x08006339   Thumb Code  1744  printfa.o(i._printf_core)
    i._printf_core                           0x08006338   Section        0  printfa.o(i._printf_core)
    _printf_post_padding                     0x08006a15   Thumb Code    36  printfa.o(i._printf_post_padding)
    i._printf_post_padding                   0x08006a14   Section        0  printfa.o(i._printf_post_padding)
    _printf_pre_padding                      0x08006a39   Thumb Code    46  printfa.o(i._printf_pre_padding)
    i._printf_pre_padding                    0x08006a38   Section        0  printfa.o(i._printf_pre_padding)
    _snputc                                  0x08006a67   Thumb Code    22  printfa.o(i._snputc)
    i._snputc                                0x08006a66   Section        0  printfa.o(i._snputc)
    i.sqrtf                                  0x08006a7c   Section        0  sqrtf.o(i.sqrtf)
    ADCPrescTable                            0x08006aa8   Data           4  stm32f10x_rcc.o(.rodata.ADCPrescTable)
    [Anonymous Symbol]                       0x08006aa8   Section        0  stm32f10x_rcc.o(.rodata.ADCPrescTable)
    APBAHBPrescTable                         0x08006abc   Data          16  stm32f10x_rcc.o(.rodata.APBAHBPrescTable)
    [Anonymous Symbol]                       0x08006abc   Section        0  stm32f10x_rcc.o(.rodata.APBAHBPrescTable)
    OLED_ShowMainPage.c1                     0x08006acc   Data           4  oled_ssd1306.o(.rodata.OLED_ShowMainPage.c1)
    [Anonymous Symbol]                       0x08006acc   Section        0  oled_ssd1306.o(.rodata.OLED_ShowMainPage.c1)
    OLED_ShowMainPage.c2                     0x08006ad0   Data           4  oled_ssd1306.o(.rodata.OLED_ShowMainPage.c2)
    [Anonymous Symbol]                       0x08006ad0   Section        0  oled_ssd1306.o(.rodata.OLED_ShowMainPage.c2)
    OLED_ShowMainPage.c3                     0x08006ad4   Data           4  oled_ssd1306.o(.rodata.OLED_ShowMainPage.c3)
    [Anonymous Symbol]                       0x08006ad4   Section        0  oled_ssd1306.o(.rodata.OLED_ShowMainPage.c3)
    OLED_ShowMainPage.c4                     0x08006ad8   Data           4  oled_ssd1306.o(.rodata.OLED_ShowMainPage.c4)
    [Anonymous Symbol]                       0x08006ad8   Section        0  oled_ssd1306.o(.rodata.OLED_ShowMainPage.c4)
    OLED_ShowMainPage.c5                     0x08006adc   Data           4  oled_ssd1306.o(.rodata.OLED_ShowMainPage.c5)
    [Anonymous Symbol]                       0x08006adc   Section        0  oled_ssd1306.o(.rodata.OLED_ShowMainPage.c5)
    OLED_ShowMainPage.c6                     0x08006ae0   Data           4  oled_ssd1306.o(.rodata.OLED_ShowMainPage.c6)
    [Anonymous Symbol]                       0x08006ae0   Section        0  oled_ssd1306.o(.rodata.OLED_ShowMainPage.c6)
    font5x7                                  0x08006ae4   Data         475  oled_ssd1306.o(.rodata.font5x7)
    [Anonymous Symbol]                       0x08006ae4   Section        0  oled_ssd1306.o(.rodata.font5x7)
    font_cn_12                               0x08006cbf   Data         336  oled_ssd1306.o(.rodata.font_cn_12)
    [Anonymous Symbol]                       0x08006cbf   Section        0  oled_ssd1306.o(.rodata.font_cn_12)
    .L.str.20                                0x08006e0f   Data          13  oled_ssd1306.o(.rodata.str1.1)
    [Anonymous Symbol]                       0x08006e0f   Section        0  oled_ssd1306.o(.rodata.str1.1)
    .L.str.13                                0x08006e1c   Data           3  oled_ssd1306.o(.rodata.str1.1)
    .L.str.3                                 0x08006e1f   Data           3  oled_ssd1306.o(.rodata.str1.1)
    .L.str.4                                 0x08006e22   Data           3  oled_ssd1306.o(.rodata.str1.1)
    .L.str.5                                 0x08006e25   Data           3  oled_ssd1306.o(.rodata.str1.1)
    .L.str.6                                 0x08006e28   Data           3  oled_ssd1306.o(.rodata.str1.1)
    .L.str.7                                 0x08006e2b   Data           3  oled_ssd1306.o(.rodata.str1.1)
    .L.str.8                                 0x08006e2e   Data           3  oled_ssd1306.o(.rodata.str1.1)
    .L.str.12                                0x08006e31   Data          14  oled_ssd1306.o(.rodata.str1.1)
    .L.str.17                                0x08006e3f   Data          14  oled_ssd1306.o(.rodata.str1.1)
    .L.str.23                                0x08006e4d   Data          17  oled_ssd1306.o(.rodata.str1.1)
    .L.str.9                                 0x08006e5e   Data          17  oled_ssd1306.o(.rodata.str1.1)
    .L.str.21                                0x08006e6f   Data          16  oled_ssd1306.o(.rodata.str1.1)
    .L.str.34                                0x08006e7f   Data          15  oled_ssd1306.o(.rodata.str1.1)
    .L.str.18                                0x08006e8e   Data          14  oled_ssd1306.o(.rodata.str1.1)
    .L.str.15                                0x08006e9c   Data          15  oled_ssd1306.o(.rodata.str1.1)
    .L.str.10                                0x08006eba   Data           3  oled_ssd1306.o(.rodata.str1.1)
    .L.str.2                                 0x08006ebd   Data          17  oled_ssd1306.o(.rodata.str1.1)
    .L.str.25                                0x08006ec4   Data          15  oled_ssd1306.o(.rodata.str1.1)
    .L.str.14                                0x08006ed3   Data          10  oled_ssd1306.o(.rodata.str1.1)
    .L.str.27                                0x08006ed3   Data           5  oled_ssd1306.o(.rodata.str1.1)
    .L.str.11                                0x08006edd   Data           4  oled_ssd1306.o(.rodata.str1.1)
    .L.str.19                                0x08006ee1   Data           6  oled_ssd1306.o(.rodata.str1.1)
    .L.str                                   0x08006ee7   Data          40  port.o(.rodata.str1.1)
    [Anonymous Symbol]                       0x08006ee7   Section        0  port.o(.rodata.str1.1)
    .L.str                                   0x08006f0f   Data          24  heap_4.o(.rodata.str1.1)
    [Anonymous Symbol]                       0x08006f0f   Section        0  heap_4.o(.rodata.str1.1)
    .L.str                                   0x08006f27   Data          23  queue.o(.rodata.str1.1)
    [Anonymous Symbol]                       0x08006f27   Section        0  queue.o(.rodata.str1.1)
    .L.str                                   0x08006f3e   Data          23  tasks.o(.rodata.str1.1)
    [Anonymous Symbol]                       0x08006f3e   Section        0  tasks.o(.rodata.str1.1)
    _errno                                   0x20000000   Data           4  errno.o(.data)
    .data                                    0x20000000   Section        4  errno.o(.data)
    Step_ProcessAccel.thr                    0x20000004   Data           4  algorithms.o(.data.Step_ProcessAccel.thr)
    [Anonymous Symbol]                       0x20000004   Section        0  algorithms.o(.data.Step_ProcessAccel.thr)
    uxCriticalNesting                        0x2000000c   Data           4  port.o(.data.uxCriticalNesting)
    [Anonymous Symbol]                       0x2000000c   Section        0  port.o(.data.uxCriticalNesting)
    xFreeBytesRemaining                      0x20000010   Data           4  heap_4.o(.data.xFreeBytesRemaining)
    [Anonymous Symbol]                       0x20000010   Section        0  heap_4.o(.data.xFreeBytesRemaining)
    xMinimumEverFreeBytesRemaining           0x20000014   Data           4  heap_4.o(.data.xMinimumEverFreeBytesRemaining)
    [Anonymous Symbol]                       0x20000014   Section        0  heap_4.o(.data.xMinimumEverFreeBytesRemaining)
    Key_Get.last_tick                        0x20000018   Data           4  main.o(.bss.Key_Get.last_tick)
    [Anonymous Symbol]                       0x20000018   Section        0  main.o(.bss.Key_Get.last_tick)
    Step_ProcessAccel.grav                   0x2000001c   Data           4  algorithms.o(.bss.Step_ProcessAccel.grav)
    [Anonymous Symbol]                       0x2000001c   Section        0  algorithms.o(.bss.Step_ProcessAccel.grav)
    dirty                                    0x20000028   Data           8  oled_ssd1306.o(.bss.dirty)
    [Anonymous Symbol]                       0x20000028   Section        0  oled_ssd1306.o(.bss.dirty)
    ema_hr                                   0x20000030   Data           4  algorithms.o(.bss.ema_hr)
    [Anonymous Symbol]                       0x20000030   Section        0  algorithms.o(.bss.ema_hr)
    ema_spo2                                 0x20000034   Data           4  algorithms.o(.bss.ema_spo2)
    [Anonymous Symbol]                       0x20000034   Section        0  algorithms.o(.bss.ema_spo2)
    filtered                                 0x20000038   Data         800  algorithms.o(.bss.filtered)
    [Anonymous Symbol]                       0x20000038   Section        0  algorithms.o(.bss.filtered)
    framebuf                                 0x20000358   Data        1024  oled_ssd1306.o(.bss.framebuf)
    [Anonymous Symbol]                       0x20000358   Section        0  oled_ssd1306.o(.bss.framebuf)
    g_i2c2_mutex                             0x20000758   Data           4  i2c.o(.bss.g_i2c2_mutex)
    [Anonymous Symbol]                       0x20000758   Section        0  i2c.o(.bss.g_i2c2_mutex)
    g_i2c_mutex                              0x2000075c   Data           4  i2c.o(.bss.g_i2c_mutex)
    [Anonymous Symbol]                       0x2000075c   Section        0  i2c.o(.bss.g_i2c_mutex)
    g_oled_mutex                             0x20000760   Data           4  oled_ssd1306.o(.bss.g_oled_mutex)
    [Anonymous Symbol]                       0x20000760   Section        0  oled_ssd1306.o(.bss.g_oled_mutex)
    hp_state                                 0x2000076c   Data           4  algorithms.o(.bss.hp_state)
    [Anonymous Symbol]                       0x2000076c   Section        0  algorithms.o(.bss.hp_state)
    last_report_tick                         0x20000774   Data           4  hc05.o(.bss.last_report_tick)
    [Anonymous Symbol]                       0x20000774   Section        0  hc05.o(.bss.last_report_tick)
    lp_state                                 0x20000778   Data           4  algorithms.o(.bss.lp_state)
    [Anonymous Symbol]                       0x20000778   Section        0  algorithms.o(.bss.lp_state)
    peak_count                               0x2000077c   Data           1  algorithms.o(.bss.peak_count)
    [Anonymous Symbol]                       0x2000077c   Section        0  algorithms.o(.bss.peak_count)
    peak_head                                0x2000077d   Data           1  algorithms.o(.bss.peak_head)
    [Anonymous Symbol]                       0x2000077d   Section        0  algorithms.o(.bss.peak_head)
    peak_times                               0x20000780   Data         128  algorithms.o(.bss.peak_times)
    [Anonymous Symbol]                       0x20000780   Section        0  algorithms.o(.bss.peak_times)
    ppg_bad_count                            0x20000800   Data           1  algorithms.o(.bss.ppg_bad_count)
    [Anonymous Symbol]                       0x20000800   Section        0  algorithms.o(.bss.ppg_bad_count)
    ppg_count                                0x20000802   Data           2  algorithms.o(.bss.ppg_count)
    [Anonymous Symbol]                       0x20000802   Section        0  algorithms.o(.bss.ppg_count)
    ppg_ir                                   0x20000804   Data        1024  algorithms.o(.bss.ppg_ir)
    [Anonymous Symbol]                       0x20000804   Section        0  algorithms.o(.bss.ppg_ir)
    ppg_lock_count                           0x20000c04   Data           1  algorithms.o(.bss.ppg_lock_count)
    [Anonymous Symbol]                       0x20000c04   Section        0  algorithms.o(.bss.ppg_lock_count)
    ppg_red                                  0x20000c08   Data        1024  algorithms.o(.bss.ppg_red)
    [Anonymous Symbol]                       0x20000c08   Section        0  algorithms.o(.bss.ppg_red)
    ppg_total                                0x20001008   Data           4  algorithms.o(.bss.ppg_total)
    [Anonymous Symbol]                       0x20001008   Section        0  algorithms.o(.bss.ppg_total)
    ppg_write_idx                            0x2000100c   Data           2  algorithms.o(.bss.ppg_write_idx)
    [Anonymous Symbol]                       0x2000100c   Section        0  algorithms.o(.bss.ppg_write_idx)
    pxDelayedTaskList                        0x20001014   Data           4  tasks.o(.bss.pxDelayedTaskList)
    [Anonymous Symbol]                       0x20001014   Section        0  tasks.o(.bss.pxDelayedTaskList)
    pxEnd                                    0x20001018   Data           4  heap_4.o(.bss.pxEnd)
    [Anonymous Symbol]                       0x20001018   Section        0  heap_4.o(.bss.pxEnd)
    pxOverflowDelayedTaskList                0x2000101c   Data           4  tasks.o(.bss.pxOverflowDelayedTaskList)
    [Anonymous Symbol]                       0x2000101c   Section        0  tasks.o(.bss.pxOverflowDelayedTaskList)
    pxReadyTasksLists                        0x20001020   Data         100  tasks.o(.bss.pxReadyTasksLists)
    [Anonymous Symbol]                       0x20001020   Section        0  tasks.o(.bss.pxReadyTasksLists)
    step_armed                               0x20001088   Data           1  algorithms.o(.bss.step_armed)
    [Anonymous Symbol]                       0x20001088   Section        0  algorithms.o(.bss.step_armed)
    step_confirmed                           0x20001089   Data           1  algorithms.o(.bss.step_confirmed)
    [Anonymous Symbol]                       0x20001089   Section        0  algorithms.o(.bss.step_confirmed)
    step_hist_cnt                            0x2000108a   Data           1  algorithms.o(.bss.step_hist_cnt)
    [Anonymous Symbol]                       0x2000108a   Section        0  algorithms.o(.bss.step_hist_cnt)
    step_hist_idx                            0x2000108b   Data           1  algorithms.o(.bss.step_hist_idx)
    [Anonymous Symbol]                       0x2000108b   Section        0  algorithms.o(.bss.step_hist_idx)
    step_intervals                           0x2000108c   Data          32  algorithms.o(.bss.step_intervals)
    [Anonymous Symbol]                       0x2000108c   Section        0  algorithms.o(.bss.step_intervals)
    step_last                                0x200010ac   Data           4  algorithms.o(.bss.step_last)
    [Anonymous Symbol]                       0x200010ac   Section        0  algorithms.o(.bss.step_last)
    step_pending_cnt                         0x200010b0   Data           1  algorithms.o(.bss.step_pending_cnt)
    [Anonymous Symbol]                       0x200010b0   Section        0  algorithms.o(.bss.step_pending_cnt)
    step_pending_ts                          0x200010b4   Data           8  algorithms.o(.bss.step_pending_ts)
    [Anonymous Symbol]                       0x200010b4   Section        0  algorithms.o(.bss.step_pending_ts)
    txbuf                                    0x200010c0   Data         128  hc05.o(.bss.txbuf)
    [Anonymous Symbol]                       0x200010c0   Section        0  hc05.o(.bss.txbuf)
    ucHeap                                   0x20001140   Data       15360  heap_4.o(.bss.ucHeap)
    [Anonymous Symbol]                       0x20001140   Section        0  heap_4.o(.bss.ucHeap)
    ucMaxSysCallPriority                     0x20004d40   Data           1  port.o(.bss.ucMaxSysCallPriority)
    [Anonymous Symbol]                       0x20004d40   Section        0  port.o(.bss.ucMaxSysCallPriority)
    ulMaxPRIGROUPValue                       0x20004d44   Data           4  port.o(.bss.ulMaxPRIGROUPValue)
    [Anonymous Symbol]                       0x20004d44   Section        0  port.o(.bss.ulMaxPRIGROUPValue)
    uxCurrentNumberOfTasks                   0x20004d48   Data           4  tasks.o(.bss.uxCurrentNumberOfTasks)
    [Anonymous Symbol]                       0x20004d48   Section        0  tasks.o(.bss.uxCurrentNumberOfTasks)
    uxDeletedTasksWaitingCleanUp             0x20004d4c   Data           4  tasks.o(.bss.uxDeletedTasksWaitingCleanUp)
    [Anonymous Symbol]                       0x20004d4c   Section        0  tasks.o(.bss.uxDeletedTasksWaitingCleanUp)
    uxSchedulerSuspended                     0x20004d50   Data           4  tasks.o(.bss.uxSchedulerSuspended)
    [Anonymous Symbol]                       0x20004d50   Section        0  tasks.o(.bss.uxSchedulerSuspended)
    uxTaskNumber                             0x20004d54   Data           4  tasks.o(.bss.uxTaskNumber)
    [Anonymous Symbol]                       0x20004d54   Section        0  tasks.o(.bss.uxTaskNumber)
    uxTopReadyPriority                       0x20004d58   Data           4  tasks.o(.bss.uxTopReadyPriority)
    [Anonymous Symbol]                       0x20004d58   Section        0  tasks.o(.bss.uxTopReadyPriority)
    vTaskSensors.ds18b20_tick                0x20004d5c   Data           1  main.o(.bss.vTaskSensors.ds18b20_tick)
    [Anonymous Symbol]                       0x20004d5c   Section        0  main.o(.bss.vTaskSensors.ds18b20_tick)
    window_ir                                0x20004d60   Data         800  algorithms.o(.bss.window_ir)
    [Anonymous Symbol]                       0x20004d60   Section        0  algorithms.o(.bss.window_ir)
    xBlockAllocatedBit                       0x20005080   Data           1  heap_4.o(.bss.xBlockAllocatedBit)
    [Anonymous Symbol]                       0x20005080   Section        0  heap_4.o(.bss.xBlockAllocatedBit)
    xDelayedTaskList1                        0x20005084   Data          20  tasks.o(.bss.xDelayedTaskList1)
    [Anonymous Symbol]                       0x20005084   Section        0  tasks.o(.bss.xDelayedTaskList1)
    xDelayedTaskList2                        0x20005098   Data          20  tasks.o(.bss.xDelayedTaskList2)
    [Anonymous Symbol]                       0x20005098   Section        0  tasks.o(.bss.xDelayedTaskList2)
    xIdleTaskHandle                          0x200050ac   Data           4  tasks.o(.bss.xIdleTaskHandle)
    [Anonymous Symbol]                       0x200050ac   Section        0  tasks.o(.bss.xIdleTaskHandle)
    xNextTaskUnblockTime                     0x200050b0   Data           4  tasks.o(.bss.xNextTaskUnblockTime)
    [Anonymous Symbol]                       0x200050b0   Section        0  tasks.o(.bss.xNextTaskUnblockTime)
    xNumOfOverflows                          0x200050b4   Data           4  tasks.o(.bss.xNumOfOverflows)
    [Anonymous Symbol]                       0x200050b4   Section        0  tasks.o(.bss.xNumOfOverflows)
    xNumberOfSuccessfulAllocations           0x200050b8   Data           4  heap_4.o(.bss.xNumberOfSuccessfulAllocations)
    [Anonymous Symbol]                       0x200050b8   Section        0  heap_4.o(.bss.xNumberOfSuccessfulAllocations)
    xNumberOfSuccessfulFrees                 0x200050bc   Data           4  heap_4.o(.bss.xNumberOfSuccessfulFrees)
    [Anonymous Symbol]                       0x200050bc   Section        0  heap_4.o(.bss.xNumberOfSuccessfulFrees)
    xPendedTicks                             0x200050c0   Data           4  tasks.o(.bss.xPendedTicks)
    [Anonymous Symbol]                       0x200050c0   Section        0  tasks.o(.bss.xPendedTicks)
    xPendingReadyList                        0x200050c4   Data          20  tasks.o(.bss.xPendingReadyList)
    [Anonymous Symbol]                       0x200050c4   Section        0  tasks.o(.bss.xPendingReadyList)
    xSchedulerRunning                        0x200050d8   Data           4  tasks.o(.bss.xSchedulerRunning)
    [Anonymous Symbol]                       0x200050d8   Section        0  tasks.o(.bss.xSchedulerRunning)
    xStart                                   0x200050dc   Data           8  heap_4.o(.bss.xStart)
    [Anonymous Symbol]                       0x200050dc   Section        0  heap_4.o(.bss.xStart)
    xSuspendedTaskList                       0x200050e4   Data          20  tasks.o(.bss.xSuspendedTaskList)
    [Anonymous Symbol]                       0x200050e4   Section        0  tasks.o(.bss.xSuspendedTaskList)
    xTasksWaitingTermination                 0x200050f8   Data          20  tasks.o(.bss.xTasksWaitingTermination)
    [Anonymous Symbol]                       0x200050f8   Section        0  tasks.o(.bss.xTasksWaitingTermination)
    xTickCount                               0x2000510c   Data           4  tasks.o(.bss.xTickCount)
    [Anonymous Symbol]                       0x2000510c   Section        0  tasks.o(.bss.xTickCount)
    xYieldPending                            0x20005110   Data           4  tasks.o(.bss.xYieldPending)
    [Anonymous Symbol]                       0x20005110   Section        0  tasks.o(.bss.xYieldPending)
    x_prev                                   0x20005114   Data           4  algorithms.o(.bss.x_prev)
    [Anonymous Symbol]                       0x20005114   Section        0  algorithms.o(.bss.x_prev)
    STACK                                    0x20005118   Section     1024  startup_stm32f10x_hd.o(STACK)

    Global Symbols

    Symbol Name                              Value     Ov Type        Size  Object(Section)

    BuildAttributes$$THM_ISAv4$P$D$K$B$S$PE$A:L22UL41UL21$X:L11$S22US41US21$IEEE1$IW$~IW$USESV6$~STKCKD$USESV7$~SHL$OTIME$ROPI$IEEEJ$EBA8$MICROLIB$REQ8$PRES8$EABIv2 0x00000000   Number         0  anon$$obj.o ABSOLUTE
    _printf_a                                0x00000000   Number         0  printfstubs.o ABSOLUTE
    _printf_c                                0x00000000   Number         0  printfstubs.o ABSOLUTE
    _printf_charcount                        0x00000000   Number         0  printfstubs.o ABSOLUTE
    _printf_d                                0x00000000   Number         0  printfstubs.o ABSOLUTE
    _printf_e                                0x00000000   Number         0  printfstubs.o ABSOLUTE
    _printf_f                                0x00000000   Number         0  printfstubs.o ABSOLUTE
    _printf_flags                            0x00000000   Number         0  printfstubs.o ABSOLUTE
    _printf_fp_dec                           0x00000000   Number         0  printfstubs.o ABSOLUTE
    _printf_fp_hex                           0x00000000   Number         0  printfstubs.o ABSOLUTE
    _printf_g                                0x00000000   Number         0  printfstubs.o ABSOLUTE
    _printf_i                                0x00000000   Number         0  printfstubs.o ABSOLUTE
    _printf_int_dec                          0x00000000   Number         0  printfstubs.o ABSOLUTE
    _printf_l                                0x00000000   Number         0  printfstubs.o ABSOLUTE
    _printf_lc                               0x00000000   Number         0  printfstubs.o ABSOLUTE
    _printf_ll                               0x00000000   Number         0  printfstubs.o ABSOLUTE
    _printf_lld                              0x00000000   Number         0  printfstubs.o ABSOLUTE
    _printf_lli                              0x00000000   Number         0  printfstubs.o ABSOLUTE
    _printf_llo                              0x00000000   Number         0  printfstubs.o ABSOLUTE
    _printf_llu                              0x00000000   Number         0  printfstubs.o ABSOLUTE
    _printf_llx                              0x00000000   Number         0  printfstubs.o ABSOLUTE
    _printf_longlong_dec                     0x00000000   Number         0  printfstubs.o ABSOLUTE
    _printf_longlong_hex                     0x00000000   Number         0  printfstubs.o ABSOLUTE
    _printf_longlong_oct                     0x00000000   Number         0  printfstubs.o ABSOLUTE
    _printf_ls                               0x00000000   Number         0  printfstubs.o ABSOLUTE
    _printf_mbtowc                           0x00000000   Number         0  printfstubs.o ABSOLUTE
    _printf_n                                0x00000000   Number         0  printfstubs.o ABSOLUTE
    _printf_o                                0x00000000   Number         0  printfstubs.o ABSOLUTE
    _printf_p                                0x00000000   Number         0  printfstubs.o ABSOLUTE
    _printf_percent                          0x00000000   Number         0  printfstubs.o ABSOLUTE
    _printf_pre_padding                      0x00000000   Number         0  printfstubs.o ABSOLUTE
    _printf_return_value                     0x00000000   Number         0  printfstubs.o ABSOLUTE
    _printf_s                                0x00000000   Number         0  printfstubs.o ABSOLUTE
    _printf_sizespec                         0x00000000   Number         0  printfstubs.o ABSOLUTE
    _printf_str                              0x00000000   Number         0  printfstubs.o ABSOLUTE
    _printf_truncate_signed                  0x00000000   Number         0  printfstubs.o ABSOLUTE
    _printf_truncate_unsigned                0x00000000   Number         0  printfstubs.o ABSOLUTE
    _printf_u                                0x00000000   Number         0  printfstubs.o ABSOLUTE
    _printf_wc                               0x00000000   Number         0  printfstubs.o ABSOLUTE
    _printf_wctomb                           0x00000000   Number         0  printfstubs.o ABSOLUTE
    _printf_widthprec                        0x00000000   Number         0  printfstubs.o ABSOLUTE
    _printf_x                                0x00000000   Number         0  printfstubs.o ABSOLUTE
    __cpp_initialize__aeabi_                  - Undefined Weak Reference
    __cxa_finalize                            - Undefined Weak Reference
    __decompress                              - Undefined Weak Reference
    _clock_init                               - Undefined Weak Reference
    _microlib_exit                            - Undefined Weak Reference
    __Vectors_Size                           0x00000130   Number         0  startup_stm32f10x_hd.o ABSOLUTE
    __Vectors                                0x08000000   Data           4  startup_stm32f10x_hd.o(RESET)
    __Vectors_End                            0x08000130   Data           0  startup_stm32f10x_hd.o(RESET)
    __main                                   0x08000131   Thumb Code     0  entry.o(.ARM.Collect$$$$00000000)
    _main_stk                                0x08000131   Thumb Code     0  entry2.o(.ARM.Collect$$$$00000001)
    _main_scatterload                        0x08000135   Thumb Code     0  entry5.o(.ARM.Collect$$$$00000004)
    __main_after_scatterload                 0x08000139   Thumb Code     0  entry5.o(.ARM.Collect$$$$00000004)
    _main_clock                              0x08000139   Thumb Code     0  entry7b.o(.ARM.Collect$$$$00000008)
    _main_cpp_init                           0x08000139   Thumb Code     0  entry8b.o(.ARM.Collect$$$$0000000A)
    _main_init                               0x08000139   Thumb Code     0  entry9a.o(.ARM.Collect$$$$0000000B)
    __rt_final_cpp                           0x08000141   Thumb Code     0  entry10a.o(.ARM.Collect$$$$0000000D)
    __rt_final_exit                          0x08000141   Thumb Code     0  entry11a.o(.ARM.Collect$$$$0000000F)
    Reset_Handler                            0x08000145   Thumb Code     8  startup_stm32f10x_hd.o(.text)
    NMI_Handler                              0x0800014d   Thumb Code     2  startup_stm32f10x_hd.o(.text)
    HardFault_Handler                        0x0800014f   Thumb Code     2  startup_stm32f10x_hd.o(.text)
    MemManage_Handler                        0x08000151   Thumb Code     2  startup_stm32f10x_hd.o(.text)
    BusFault_Handler                         0x08000153   Thumb Code     2  startup_stm32f10x_hd.o(.text)
    UsageFault_Handler                       0x08000155   Thumb Code     2  startup_stm32f10x_hd.o(.text)
    DebugMon_Handler                         0x08000159   Thumb Code     2  startup_stm32f10x_hd.o(.text)
    ADC1_2_IRQHandler                        0x0800015f   Thumb Code     0  startup_stm32f10x_hd.o(.text)
    ADC3_IRQHandler                          0x0800015f   Thumb Code     0  startup_stm32f10x_hd.o(.text)
    CAN1_RX1_IRQHandler                      0x0800015f   Thumb Code     0  startup_stm32f10x_hd.o(.text)
    CAN1_SCE_IRQHandler                      0x0800015f   Thumb Code     0  startup_stm32f10x_hd.o(.text)
    DMA1_Channel1_IRQHandler                 0x0800015f   Thumb Code     0  startup_stm32f10x_hd.o(.text)
    DMA1_Channel2_IRQHandler                 0x0800015f   Thumb Code     0  startup_stm32f10x_hd.o(.text)
    DMA1_Channel3_IRQHandler                 0x0800015f   Thumb Code     0  startup_stm32f10x_hd.o(.text)
    DMA1_Channel4_IRQHandler                 0x0800015f   Thumb Code     0  startup_stm32f10x_hd.o(.text)
    DMA1_Channel5_IRQHandler                 0x0800015f   Thumb Code     0  startup_stm32f10x_hd.o(.text)
    DMA1_Channel6_IRQHandler                 0x0800015f   Thumb Code     0  startup_stm32f10x_hd.o(.text)
    DMA1_Channel7_IRQHandler                 0x0800015f   Thumb Code     0  startup_stm32f10x_hd.o(.text)
    DMA2_Channel1_IRQHandler                 0x0800015f   Thumb Code     0  startup_stm32f10x_hd.o(.text)
    DMA2_Channel2_IRQHandler                 0x0800015f   Thumb Code     0  startup_stm32f10x_hd.o(.text)
    DMA2_Channel3_IRQHandler                 0x0800015f   Thumb Code     0  startup_stm32f10x_hd.o(.text)
    DMA2_Channel4_5_IRQHandler               0x0800015f   Thumb Code     0  startup_stm32f10x_hd.o(.text)
    EXTI0_IRQHandler                         0x0800015f   Thumb Code     0  startup_stm32f10x_hd.o(.text)
    EXTI15_10_IRQHandler                     0x0800015f   Thumb Code     0  startup_stm32f10x_hd.o(.text)
    EXTI1_IRQHandler                         0x0800015f   Thumb Code     0  startup_stm32f10x_hd.o(.text)
    EXTI2_IRQHandler                         0x0800015f   Thumb Code     0  startup_stm32f10x_hd.o(.text)
    EXTI3_IRQHandler                         0x0800015f   Thumb Code     0  startup_stm32f10x_hd.o(.text)
    EXTI4_IRQHandler                         0x0800015f   Thumb Code     0  startup_stm32f10x_hd.o(.text)
    EXTI9_5_IRQHandler                       0x0800015f   Thumb Code     0  startup_stm32f10x_hd.o(.text)
    FLASH_IRQHandler                         0x0800015f   Thumb Code     0  startup_stm32f10x_hd.o(.text)
    FSMC_IRQHandler                          0x0800015f   Thumb Code     0  startup_stm32f10x_hd.o(.text)
    I2C1_ER_IRQHandler                       0x0800015f   Thumb Code     0  startup_stm32f10x_hd.o(.text)
    I2C1_EV_IRQHandler                       0x0800015f   Thumb Code     0  startup_stm32f10x_hd.o(.text)
    I2C2_ER_IRQHandler                       0x0800015f   Thumb Code     0  startup_stm32f10x_hd.o(.text)
    I2C2_EV_IRQHandler                       0x0800015f   Thumb Code     0  startup_stm32f10x_hd.o(.text)
    PVD_IRQHandler                           0x0800015f   Thumb Code     0  startup_stm32f10x_hd.o(.text)
    RCC_IRQHandler                           0x0800015f   Thumb Code     0  startup_stm32f10x_hd.o(.text)
    RTCAlarm_IRQHandler                      0x0800015f   Thumb Code     0  startup_stm32f10x_hd.o(.text)
    RTC_IRQHandler                           0x0800015f   Thumb Code     0  startup_stm32f10x_hd.o(.text)
    SDIO_IRQHandler                          0x0800015f   Thumb Code     0  startup_stm32f10x_hd.o(.text)
    SPI1_IRQHandler                          0x0800015f   Thumb Code     0  startup_stm32f10x_hd.o(.text)
    SPI2_IRQHandler                          0x0800015f   Thumb Code     0  startup_stm32f10x_hd.o(.text)
    SPI3_IRQHandler                          0x0800015f   Thumb Code     0  startup_stm32f10x_hd.o(.text)
    TAMPER_IRQHandler                        0x0800015f   Thumb Code     0  startup_stm32f10x_hd.o(.text)
    TIM1_BRK_IRQHandler                      0x0800015f   Thumb Code     0  startup_stm32f10x_hd.o(.text)
    TIM1_CC_IRQHandler                       0x0800015f   Thumb Code     0  startup_stm32f10x_hd.o(.text)
    TIM1_TRG_COM_IRQHandler                  0x0800015f   Thumb Code     0  startup_stm32f10x_hd.o(.text)
    TIM1_UP_IRQHandler                       0x0800015f   Thumb Code     0  startup_stm32f10x_hd.o(.text)
    TIM2_IRQHandler                          0x0800015f   Thumb Code     0  startup_stm32f10x_hd.o(.text)
    TIM3_IRQHandler                          0x0800015f   Thumb Code     0  startup_stm32f10x_hd.o(.text)
    TIM4_IRQHandler                          0x0800015f   Thumb Code     0  startup_stm32f10x_hd.o(.text)
    TIM5_IRQHandler                          0x0800015f   Thumb Code     0  startup_stm32f10x_hd.o(.text)
    TIM6_IRQHandler                          0x0800015f   Thumb Code     0  startup_stm32f10x_hd.o(.text)
    TIM7_IRQHandler                          0x0800015f   Thumb Code     0  startup_stm32f10x_hd.o(.text)
    TIM8_BRK_IRQHandler                      0x0800015f   Thumb Code     0  startup_stm32f10x_hd.o(.text)
    TIM8_CC_IRQHandler                       0x0800015f   Thumb Code     0  startup_stm32f10x_hd.o(.text)
    TIM8_TRG_COM_IRQHandler                  0x0800015f   Thumb Code     0  startup_stm32f10x_hd.o(.text)
    TIM8_UP_IRQHandler                       0x0800015f   Thumb Code     0  startup_stm32f10x_hd.o(.text)
    UART4_IRQHandler                         0x0800015f   Thumb Code     0  startup_stm32f10x_hd.o(.text)
    UART5_IRQHandler                         0x0800015f   Thumb Code     0  startup_stm32f10x_hd.o(.text)
    USART1_IRQHandler                        0x0800015f   Thumb Code     0  startup_stm32f10x_hd.o(.text)
    USART2_IRQHandler                        0x0800015f   Thumb Code     0  startup_stm32f10x_hd.o(.text)
    USART3_IRQHandler                        0x0800015f   Thumb Code     0  startup_stm32f10x_hd.o(.text)
    USBWakeUp_IRQHandler                     0x0800015f   Thumb Code     0  startup_stm32f10x_hd.o(.text)
    USB_HP_CAN1_TX_IRQHandler                0x0800015f   Thumb Code     0  startup_stm32f10x_hd.o(.text)
    USB_LP_CAN1_RX0_IRQHandler               0x0800015f   Thumb Code     0  startup_stm32f10x_hd.o(.text)
    WWDG_IRQHandler                          0x0800015f   Thumb Code     0  startup_stm32f10x_hd.o(.text)
    __aeabi_memcpy                           0x08000169   Thumb Code    36  memcpya.o(.text)
    __aeabi_memcpy4                          0x08000169   Thumb Code     0  memcpya.o(.text)
    __aeabi_memcpy8                          0x08000169   Thumb Code     0  memcpya.o(.text)
    __aeabi_memset                           0x0800018d   Thumb Code    14  memseta.o(.text)
    __aeabi_memset4                          0x0800018d   Thumb Code     0  memseta.o(.text)
    __aeabi_memset8                          0x0800018d   Thumb Code     0  memseta.o(.text)
    __aeabi_memclr                           0x0800019b   Thumb Code     4  memseta.o(.text)
    __aeabi_memclr4                          0x0800019b   Thumb Code     0  memseta.o(.text)
    __aeabi_memclr8                          0x0800019b   Thumb Code     0  memseta.o(.text)
    _memset$wrapper                          0x0800019f   Thumb Code    18  memseta.o(.text)
    strstr                                   0x080001b1   Thumb Code    36  strstr.o(.text)
    strlen                                   0x080001d5   Thumb Code    14  strlen.o(.text)
    __aeabi_fadd                             0x080001e3   Thumb Code   164  fadd.o(.text)
    __aeabi_fsub                             0x08000287   Thumb Code     6  fadd.o(.text)
    __aeabi_frsub                            0x0800028d   Thumb Code     6  fadd.o(.text)
    __aeabi_fmul                             0x08000293   Thumb Code   100  fmul.o(.text)
    __aeabi_fdiv                             0x080002f7   Thumb Code   124  fdiv.o(.text)
    __aeabi_dadd                             0x08000373   Thumb Code   322  dadd.o(.text)
    __aeabi_dsub                             0x080004b5   Thumb Code     6  dadd.o(.text)
    __aeabi_drsub                            0x080004bb   Thumb Code     6  dadd.o(.text)
    __aeabi_dmul                             0x080004c1   Thumb Code   228  dmul.o(.text)
    __aeabi_ddiv                             0x080005a5   Thumb Code   222  ddiv.o(.text)
    __aeabi_fcmple                           0x08000683   Thumb Code    28  fcmple.o(.text)
    __aeabi_fcmplt                           0x0800069f   Thumb Code    28  fcmplt.o(.text)
    __aeabi_fcmpge                           0x080006bb   Thumb Code    28  fcmpge.o(.text)
    __aeabi_fcmpgt                           0x080006d7   Thumb Code    28  fcmpgt.o(.text)
    __aeabi_fcmpeq                           0x080006f3   Thumb Code    28  fcmpeq.o(.text)
    __aeabi_dcmplt                           0x0800070f   Thumb Code    54  dcmplt.o(.text)
    __aeabi_dcmpgt                           0x08000745   Thumb Code    54  dcmpgt.o(.text)
    __aeabi_i2f                              0x0800077b   Thumb Code    18  fflti.o(.text)
    __aeabi_ui2f                             0x0800078d   Thumb Code    10  ffltui.o(.text)
    __aeabi_ui2d                             0x08000797   Thumb Code    26  dfltui.o(.text)
    __aeabi_f2iz                             0x080007b1   Thumb Code    50  ffixi.o(.text)
    __aeabi_d2iz                             0x080007e3   Thumb Code    62  dfixi.o(.text)
    __aeabi_f2d                              0x08000821   Thumb Code    38  f2d.o(.text)
    __aeabi_d2f                              0x08000847   Thumb Code    56  d2f.o(.text)
    __aeabi_uidiv                            0x0800087f   Thumb Code     0  uidiv.o(.text)
    __aeabi_uidivmod                         0x0800087f   Thumb Code    44  uidiv.o(.text)
    __aeabi_uldivmod                         0x080008ab   Thumb Code    98  uldiv.o(.text)
    __aeabi_llsl                             0x0800090d   Thumb Code    30  llshl.o(.text)
    _ll_shift_l                              0x0800090d   Thumb Code     0  llshl.o(.text)
    __aeabi_llsr                             0x0800092b   Thumb Code    32  llushr.o(.text)
    _ll_ushift_r                             0x0800092b   Thumb Code     0  llushr.o(.text)
    __aeabi_lasr                             0x0800094b   Thumb Code    36  llsshr.o(.text)
    _ll_sshift_r                             0x0800094b   Thumb Code     0  llsshr.o(.text)
    __I$use$fp                               0x0800096f   Thumb Code     0  iusefp.o(.text)
    _float_round                             0x0800096f   Thumb Code    18  fepilogue.o(.text)
    _float_epilogue                          0x08000981   Thumb Code    92  fepilogue.o(.text)
    _fsqrt                                   0x080009dd   Thumb Code    94  fsqrt.o(.text)
    _double_round                            0x08000a3b   Thumb Code    30  depilogue.o(.text)
    _double_epilogue                         0x08000a59   Thumb Code   156  depilogue.o(.text)
    __aeabi_d2ulz                            0x08000af5   Thumb Code    48  dfixul.o(.text)
    __aeabi_cdrcmple                         0x08000b25   Thumb Code    48  cdrcmple.o(.text)
    __scatterload                            0x08000b55   Thumb Code    38  init.o(.text)
    __scatterload_rt2                        0x08000b55   Thumb Code     0  init.o(.text)
    ASR_Init                                 0x08000b85   Thumb Code     4  asr_pro.o(.text.ASR_Init)
    ASR_ProcessUART                          0x08000b89   Thumb Code   160  asr_pro.o(.text.ASR_ProcessUART)
    Assert_Handler                           0x08000c29   Thumb Code    80  main.o(.text.Assert_Handler)
    Compensate_Temperature                   0x08000c91   Thumb Code    86  algorithms.o(.text.Compensate_Temperature)
    DS1302_Init                              0x08000ce9   Thumb Code   290  ds1302.o(.text.DS1302_Init)
    DS1302_ReadTime                          0x08000e0d   Thumb Code   230  ds1302.o(.text.DS1302_ReadTime)
    DS18B20_Init                             0x08000ef5   Thumb Code    66  ds18b20.o(.text.DS18B20_Init)
    DS18B20_ReadData                         0x08000f39   Thumb Code   330  ds18b20.o(.text.DS18B20_ReadData)
    DS18B20_StartConversion                  0x08001085   Thumb Code    30  ds18b20.o(.text.DS18B20_StartConversion)
    Delay_ms                                 0x080010a5   Thumb Code    50  systick.o(.text.Delay_ms)
    Delay_us                                 0x080010d9   Thumb Code    50  systick.o(.text.Delay_us)
    GPIO_Init                                0x0800110d   Thumb Code   192  stm32f10x_gpio.o(.text.GPIO_Init)
    GPIO_PinRemapConfig                      0x080011cd   Thumb Code   128  stm32f10x_gpio.o(.text.GPIO_PinRemapConfig)
    GPIO_ReadInputDataBit                    0x0800124d   Thumb Code    10  stm32f10x_gpio.o(.text.GPIO_ReadInputDataBit)
    GPIO_ResetBits                           0x08001259   Thumb Code     4  stm32f10x_gpio.o(.text.GPIO_ResetBits)
    GPIO_SetBits                             0x0800125d   Thumb Code     4  stm32f10x_gpio.o(.text.GPIO_SetBits)
    Get_Temperature                          0x08001261   Thumb Code    42  main.o(.text.Get_Temperature)
    HC05_Init                                0x0800128d   Thumb Code   244  hc05.o(.text.HC05_Init)
    HC05_Process                             0x080013a1   Thumb Code   132  hc05.o(.text.HC05_Process)
    I2C1_Init                                0x08001451   Thumb Code   160  i2c.o(.text.I2C1_Init)
    I2C2_Init                                0x080014f1   Thumb Code   152  i2c.o(.text.I2C2_Init)
    I2C2_WriteReg                            0x08001589   Thumb Code    50  i2c.o(.text.I2C2_WriteReg)
    I2C_AcknowledgeConfig                    0x080015bd   Thumb Code    20  stm32f10x_i2c.o(.text.I2C_AcknowledgeConfig)
    I2C_Cmd                                  0x080015d1   Thumb Code    18  stm32f10x_i2c.o(.text.I2C_Cmd)
    I2C_DeInit                               0x080015e5   Thumb Code    42  stm32f10x_i2c.o(.text.I2C_DeInit)
    I2C_GenerateSTART                        0x08001611   Thumb Code    20  stm32f10x_i2c.o(.text.I2C_GenerateSTART)
    I2C_GenerateSTOP                         0x08001625   Thumb Code    20  stm32f10x_i2c.o(.text.I2C_GenerateSTOP)
    I2C_Init                                 0x08001639   Thumb Code   202  stm32f10x_i2c.o(.text.I2C_Init)
    I2C_ReadReg                              0x08001705   Thumb Code    50  i2c.o(.text.I2C_ReadReg)
    I2C_ReceiveData                          0x08001739   Thumb Code     6  stm32f10x_i2c.o(.text.I2C_ReceiveData)
    I2C_Send7bitAddress                      0x08001741   Thumb Code    16  stm32f10x_i2c.o(.text.I2C_Send7bitAddress)
    I2C_SendData                             0x08001751   Thumb Code     4  stm32f10x_i2c.o(.text.I2C_SendData)
    I2C_StructInit                           0x08001755   Thumb Code    24  stm32f10x_i2c.o(.text.I2C_StructInit)
    I2C_WriteReg                             0x0800176d   Thumb Code    50  i2c.o(.text.I2C_WriteReg)
    IWDG_Enable                              0x080017a1   Thumb Code    16  stm32f10x_iwdg.o(.text.IWDG_Enable)
    IWDG_ReloadCounter                       0x080017b1   Thumb Code    16  stm32f10x_iwdg.o(.text.IWDG_ReloadCounter)
    IWDG_SetPrescaler                        0x080017c1   Thumb Code    12  stm32f10x_iwdg.o(.text.IWDG_SetPrescaler)
    IWDG_SetReload                           0x080017cd   Thumb Code    12  stm32f10x_iwdg.o(.text.IWDG_SetReload)
    IWDG_WriteAccessCmd                      0x080017d9   Thumb Code    12  stm32f10x_iwdg.o(.text.IWDG_WriteAccessCmd)
    MAX30102_Init                            0x080017e5   Thumb Code   282  max30102.o(.text.MAX30102_Init)
    MAX30102_ReadData                        0x08001901   Thumb Code   174  max30102.o(.text.MAX30102_ReadData)
    MPU6050_Init                             0x080019b1   Thumb Code    70  mpu6050.o(.text.MPU6050_Init)
    MPU6050_ReadData                         0x080019f9   Thumb Code   112  mpu6050.o(.text.MPU6050_ReadData)
    OLED_Flush                               0x08001a69   Thumb Code   138  oled_ssd1306.o(.text.OLED_Flush)
    OLED_Init                                0x08001af5   Thumb Code   636  oled_ssd1306.o(.text.OLED_Init)
    OLED_ShowActivity                        0x08001d8d   Thumb Code   400  oled_ssd1306.o(.text.OLED_ShowActivity)
    OLED_ShowHeartRate                       0x08001f59   Thumb Code   698  oled_ssd1306.o(.text.OLED_ShowHeartRate)
    OLED_ShowMainPage                        0x08002215   Thumb Code  1648  oled_ssd1306.o(.text.OLED_ShowMainPage)
    OLED_ShowSpO2                            0x08002891   Thumb Code   566  oled_ssd1306.o(.text.OLED_ShowSpO2)
    OLED_ShowSteps                           0x08002ac9   Thumb Code   486  oled_ssd1306.o(.text.OLED_ShowSteps)
    OLED_ShowTemperature                     0x08002cb1   Thumb Code   460  oled_ssd1306.o(.text.OLED_ShowTemperature)
    PPG_ProcessSamples                       0x08002e8d   Thumb Code  2018  algorithms.o(.text.PPG_ProcessSamples)
    PendSV_Handler                           0x08003671   Thumb Code    74  port.o(.text.PendSV_Handler)
    RCC_APB1PeriphClockCmd                   0x080036c1   Thumb Code    24  stm32f10x_rcc.o(.text.RCC_APB1PeriphClockCmd)
    RCC_APB1PeriphResetCmd                   0x080036d9   Thumb Code    24  stm32f10x_rcc.o(.text.RCC_APB1PeriphResetCmd)
    RCC_APB2PeriphClockCmd                   0x080036f1   Thumb Code    24  stm32f10x_rcc.o(.text.RCC_APB2PeriphClockCmd)
    RCC_GetClocksFreq                        0x08003709   Thumb Code   140  stm32f10x_rcc.o(.text.RCC_GetClocksFreq)
    Reset_StepCount                          0x08003795   Thumb Code    86  algorithms.o(.text.Reset_StepCount)
    SVC_Handler                              0x080037ed   Thumb Code    32  port.o(.text.SVC_Handler)
    Step_ProcessAccel                        0x08003811   Thumb Code   764  algorithms.o(.text.Step_ProcessAccel)
    SysTick_Handler                          0x08003b0d   Thumb Code    44  port.o(.text.SysTick_Handler)
    SystemCoreClockUpdate                    0x08003b39   Thumb Code    94  system_stm32f10x.o(.text.SystemCoreClockUpdate)
    SystemInit                               0x08003b99   Thumb Code   272  system_stm32f10x.o(.text.SystemInit)
    Systick_GetTick                          0x08003ca9   Thumb Code    58  systick.o(.text.Systick_GetTick)
    Systick_Init                             0x08003ce5   Thumb Code    44  systick.o(.text.Systick_Init)
    UART1_Init                               0x08003d11   Thumb Code   114  uart.o(.text.UART1_Init)
    UART1_Send                               0x08003d85   Thumb Code   146  uart.o(.text.UART1_Send)
    UART2_Init                               0x08003e19   Thumb Code   118  uart.o(.text.UART2_Init)
    USART_Cmd                                0x08003e91   Thumb Code    20  stm32f10x_usart.o(.text.USART_Cmd)
    USART_GetFlagStatus                      0x08003ea5   Thumb Code    10  stm32f10x_usart.o(.text.USART_GetFlagStatus)
    USART_Init                               0x08003eb1   Thumb Code   182  stm32f10x_usart.o(.text.USART_Init)
    USART_ReceiveData                        0x08003f69   Thumb Code     8  stm32f10x_usart.o(.text.USART_ReceiveData)
    USART_SendData                           0x08003f71   Thumb Code     8  stm32f10x_usart.o(.text.USART_SendData)
    USART_StructInit                         0x08003f79   Thumb Code    18  stm32f10x_usart.o(.text.USART_StructInit)
    main                                     0x080041c9   Thumb Code   344  main.o(.text.main)
    pvPortMalloc                             0x08004a1d   Thumb Code   414  heap_4.o(.text.pvPortMalloc)
    pvTaskIncrementMutexHeldCount            0x08004bbd   Thumb Code    24  tasks.o(.text.pvTaskIncrementMutexHeldCount)
    pxPortInitialiseStack                    0x08004bd5   Thumb Code    32  port.o(.text.pxPortInitialiseStack)
    uxListRemove                             0x08004c61   Thumb Code    36  list.o(.text.uxListRemove)
    vApplicationStackOverflowHook            0x08004c85   Thumb Code    48  main.o(.text.vApplicationStackOverflowHook)
    vListInitialise                          0x08004ccd   Thumb Code    22  list.o(.text.vListInitialise)
    vListInitialiseItem                      0x08004ce5   Thumb Code     6  list.o(.text.vListInitialiseItem)
    vListInsert                              0x08004ced   Thumb Code    58  list.o(.text.vListInsert)
    vPortEnterCritical                       0x08004d29   Thumb Code    66  port.o(.text.vPortEnterCritical)
    vPortExitCritical                        0x08004d6d   Thumb Code    48  port.o(.text.vPortExitCritical)
    vPortFree                                0x08004d9d   Thumb Code   232  heap_4.o(.text.vPortFree)
    vPortSetupTimerInterrupt                 0x08004e85   Thumb Code    30  port.o(.text.vPortSetupTimerInterrupt)
    vTaskDelay                               0x08004eb1   Thumb Code    82  tasks.o(.text.vTaskDelay)
    vTaskInternalSetTimeOutState             0x08004fdd   Thumb Code    26  tasks.o(.text.vTaskInternalSetTimeOutState)
    vTaskMissedYield                         0x08004ff9   Thumb Code    14  tasks.o(.text.vTaskMissedYield)
    vTaskPlaceOnEventList                    0x08005009   Thumb Code    56  tasks.o(.text.vTaskPlaceOnEventList)
    vTaskPriorityDisinheritAfterTimeout      0x08005041   Thumb Code   214  tasks.o(.text.vTaskPriorityDisinheritAfterTimeout)
    vTaskStartScheduler                      0x080051c1   Thumb Code   136  tasks.o(.text.vTaskStartScheduler)
    vTaskSuspendAll                          0x08005251   Thumb Code    16  tasks.o(.text.vTaskSuspendAll)
    vTaskSwitchContext                       0x08005261   Thumb Code   154  tasks.o(.text.vTaskSwitchContext)
    xPortStartScheduler                      0x08005379   Thumb Code   222  port.o(.text.xPortStartScheduler)
    xQueueCreateMutex                        0x08005459   Thumb Code    60  queue.o(.text.xQueueCreateMutex)
    xQueueGenericReset                       0x08005495   Thumb Code   168  queue.o(.text.xQueueGenericReset)
    xQueueGenericSend                        0x0800553d   Thumb Code   494  queue.o(.text.xQueueGenericSend)
    xQueueSemaphoreTake                      0x0800572d   Thumb Code   436  queue.o(.text.xQueueSemaphoreTake)
    xTaskCheckForTimeOut                     0x080058e1   Thumb Code   164  tasks.o(.text.xTaskCheckForTimeOut)
    xTaskCreate                              0x08005985   Thumb Code   512  tasks.o(.text.xTaskCreate)
    xTaskGetSchedulerState                   0x08005b85   Thumb Code    38  tasks.o(.text.xTaskGetSchedulerState)
    xTaskGetTickCount                        0x08005bad   Thumb Code    12  tasks.o(.text.xTaskGetTickCount)
    xTaskIncrementTick                       0x08005bb9   Thumb Code   432  tasks.o(.text.xTaskIncrementTick)
    xTaskPriorityDisinherit                  0x08005d69   Thumb Code   194  tasks.o(.text.xTaskPriorityDisinherit)
    xTaskPriorityInherit                     0x08005e2d   Thumb Code   190  tasks.o(.text.xTaskPriorityInherit)
    xTaskRemoveFromEventList                 0x08005eed   Thumb Code   220  tasks.o(.text.xTaskRemoveFromEventList)
    xTaskResumeAll                           0x08005fc9   Thumb Code   396  tasks.o(.text.xTaskResumeAll)
    __0snprintf                              0x08006155   Thumb Code    48  printfa.o(i.__0snprintf)
    __1snprintf                              0x08006155   Thumb Code     0  printfa.o(i.__0snprintf)
    __2snprintf                              0x08006155   Thumb Code     0  printfa.o(i.__0snprintf)
    __c89snprintf                            0x08006155   Thumb Code     0  printfa.o(i.__0snprintf)
    snprintf                                 0x08006155   Thumb Code     0  printfa.o(i.__0snprintf)
    __scatterload_copy                       0x08006189   Thumb Code    14  handlers.o(i.__scatterload_copy)
    __scatterload_null                       0x08006197   Thumb Code     2  handlers.o(i.__scatterload_null)
    __scatterload_zeroinit                   0x08006199   Thumb Code    14  handlers.o(i.__scatterload_zeroinit)
    __set_errno                              0x080061a9   Thumb Code     6  errno.o(i.__set_errno)
    sqrtf                                    0x08006a7d   Thumb Code    44  sqrtf.o(i.sqrtf)
    AHBPrescTable                            0x08006aac   Data          16  system_stm32f10x.o(.rodata.AHBPrescTable)
    uxTopUsedPriority                        0x08006f58   Data           4  tasks.o(.rodata.uxTopUsedPriority)
    Region$$Table$$Base                      0x08006f5c   Number         0  anon$$obj.o(Region$$Table)
    Region$$Table$$Limit                     0x08006f7c   Number         0  anon$$obj.o(Region$$Table)
    SystemCoreClock                          0x20000008   Data           4  system_stm32f10x.o(.data.SystemCoreClock)
    activity_state                           0x20000020   Data           1  algorithms.o(.bss.activity_state)
    g_temp_valid                             0x20000764   Data           4  main.o(.bss.g_temp_valid)
    g_temperature                            0x20000768   Data           4  main.o(.bss.g_temperature)
    hr                                       0x20000770   Data           4  algorithms.o(.bss.hr)
    pxCurrentTCB                             0x20001010   Data           4  tasks.o(.bss.pxCurrentTCB)
    spo2                                     0x20001084   Data           4  algorithms.o(.bss.spo2)
    steps                                    0x200010bc   Data           4  algorithms.o(.bss.steps)
    __initial_sp                             0x20005518   Data           0  startup_stm32f10x_hd.o(STACK)



==============================================================================

Memory Map of the image

  Image Entry point : 0x08000145

  Load Region LR_1 (Base: 0x08000000, Size: 0x00006f94, Max: 0xffffffff, ABSOLUTE)

    Execution Region ER_RO (Base: 0x08000000, Size: 0x00006f7c, Max: 0xffffffff, ABSOLUTE)

    Base Addr    Size         Type   Attr      Idx    E Section Name        Object

    0x08000000   0x00000130   Data   RO            3    RESET               startup_stm32f10x_hd.o
    0x08000130   0x00000000   Code   RO         1761  * .ARM.Collect$$$$00000000  mc_w.l(entry.o)
    0x08000130   0x00000004   Code   RO         2075    .ARM.Collect$$$$00000001  mc_w.l(entry2.o)
    0x08000134   0x00000004   Code   RO         2078    .ARM.Collect$$$$00000004  mc_w.l(entry5.o)
    0x08000138   0x00000000   Code   RO         2080    .ARM.Collect$$$$00000008  mc_w.l(entry7b.o)
    0x08000138   0x00000000   Code   RO         2082    .ARM.Collect$$$$0000000A  mc_w.l(entry8b.o)
    0x08000138   0x00000008   Code   RO         2083    .ARM.Collect$$$$0000000B  mc_w.l(entry9a.o)
    0x08000140   0x00000000   Code   RO         2085    .ARM.Collect$$$$0000000D  mc_w.l(entry10a.o)
    0x08000140   0x00000000   Code   RO         2087    .ARM.Collect$$$$0000000F  mc_w.l(entry11a.o)
    0x08000140   0x00000004   Code   RO         2076    .ARM.Collect$$$$00002712  mc_w.l(entry2.o)
    0x08000144   0x00000024   Code   RO            4  * .text               startup_stm32f10x_hd.o
    0x08000168   0x00000024   Code   RO         1764    .text               mc_w.l(memcpya.o)
    0x0800018c   0x00000024   Code   RO         1766    .text               mc_w.l(memseta.o)
    0x080001b0   0x00000024   Code   RO         1768    .text               mc_w.l(strstr.o)
    0x080001d4   0x0000000e   Code   RO         1770    .text               mc_w.l(strlen.o)
    0x080001e2   0x000000b0   Code   RO         2035    .text               mf_w.l(fadd.o)
    0x08000292   0x00000064   Code   RO         2037    .text               mf_w.l(fmul.o)
    0x080002f6   0x0000007c   Code   RO         2039    .text               mf_w.l(fdiv.o)
    0x08000372   0x0000014e   Code   RO         2041    .text               mf_w.l(dadd.o)
    0x080004c0   0x000000e4   Code   RO         2043    .text               mf_w.l(dmul.o)
    0x080005a4   0x000000de   Code   RO         2045    .text               mf_w.l(ddiv.o)
    0x08000682   0x0000001c   Code   RO         2047    .text               mf_w.l(fcmple.o)
    0x0800069e   0x0000001c   Code   RO         2049    .text               mf_w.l(fcmplt.o)
    0x080006ba   0x0000001c   Code   RO         2051    .text               mf_w.l(fcmpge.o)
    0x080006d6   0x0000001c   Code   RO         2053    .text               mf_w.l(fcmpgt.o)
    0x080006f2   0x0000001c   Code   RO         2055    .text               mf_w.l(fcmpeq.o)
    0x0800070e   0x00000036   Code   RO         2057    .text               mf_w.l(dcmplt.o)
    0x08000744   0x00000036   Code   RO         2059    .text               mf_w.l(dcmpgt.o)
    0x0800077a   0x00000012   Code   RO         2061    .text               mf_w.l(fflti.o)
    0x0800078c   0x0000000a   Code   RO         2063    .text               mf_w.l(ffltui.o)
    0x08000796   0x0000001a   Code   RO         2065    .text               mf_w.l(dfltui.o)
    0x080007b0   0x00000032   Code   RO         2067    .text               mf_w.l(ffixi.o)
    0x080007e2   0x0000003e   Code   RO         2069    .text               mf_w.l(dfixi.o)
    0x08000820   0x00000026   Code   RO         2071    .text               mf_w.l(f2d.o)
    0x08000846   0x00000038   Code   RO         2073    .text               mf_w.l(d2f.o)
    0x0800087e   0x0000002c   Code   RO         2103    .text               mc_w.l(uidiv.o)
    0x080008aa   0x00000062   Code   RO         2105    .text               mc_w.l(uldiv.o)
    0x0800090c   0x0000001e   Code   RO         2107    .text               mc_w.l(llshl.o)
    0x0800092a   0x00000020   Code   RO         2109    .text               mc_w.l(llushr.o)
    0x0800094a   0x00000024   Code   RO         2111    .text               mc_w.l(llsshr.o)
    0x0800096e   0x00000000   Code   RO         2120    .text               mc_w.l(iusefp.o)
    0x0800096e   0x0000006e   Code   RO         2121    .text               mf_w.l(fepilogue.o)
    0x080009dc   0x0000005e   Code   RO         2123    .text               mf_w.l(fsqrt.o)
    0x08000a3a   0x000000ba   Code   RO         2125    .text               mf_w.l(depilogue.o)
    0x08000af4   0x00000030   Code   RO         2127    .text               mf_w.l(dfixul.o)
    0x08000b24   0x00000030   Code   RO         2129    .text               mf_w.l(cdrcmple.o)
    0x08000b54   0x00000030   Code   RO         2131    .text               mc_w.l(init.o)
    0x08000b84   0x00000004   Code   RO         1193    .text.ASR_Init      asr_pro.o
    0x08000b88   0x000000a0   Code   RO         1195    .text.ASR_ProcessUART  asr_pro.o
    0x08000c28   0x00000068   Code   RO         1280    .text.Assert_Handler  main.o
    0x08000c90   0x00000056   Code   RO         1148    .text.Compensate_Temperature  algorithms.o
    0x08000ce6   0x00000002   PAD
    0x08000ce8   0x00000122   Code   RO         1204    .text.DS1302_Init   ds1302.o
    0x08000e0a   0x00000002   PAD
    0x08000e0c   0x000000e6   Code   RO         1210    .text.DS1302_ReadTime  ds1302.o
    0x08000ef2   0x00000002   PAD
    0x08000ef4   0x00000042   Code   RO         1220    .text.DS18B20_Init  ds18b20.o
    0x08000f36   0x00000002   PAD
    0x08000f38   0x0000014a   Code   RO         1228    .text.DS18B20_ReadData  ds18b20.o
    0x08001082   0x00000002   PAD
    0x08001084   0x0000001e   Code   RO         1224    .text.DS18B20_StartConversion  ds18b20.o
    0x080010a2   0x00000002   PAD
    0x080010a4   0x00000032   Code   RO         1383    .text.Delay_ms      systick.o
    0x080010d6   0x00000002   PAD
    0x080010d8   0x00000032   Code   RO         1381    .text.Delay_us      systick.o
    0x0800110a   0x00000002   PAD
    0x0800110c   0x000000c0   Code   RO          481    .text.GPIO_Init     stm32f10x_gpio.o
    0x080011cc   0x00000080   Code   RO          507    .text.GPIO_PinRemapConfig  stm32f10x_gpio.o
    0x0800124c   0x0000000a   Code   RO          485    .text.GPIO_ReadInputDataBit  stm32f10x_gpio.o
    0x08001256   0x00000002   PAD
    0x08001258   0x00000004   Code   RO          495    .text.GPIO_ResetBits  stm32f10x_gpio.o
    0x0800125c   0x00000004   Code   RO          493    .text.GPIO_SetBits  stm32f10x_gpio.o
    0x08001260   0x0000002a   Code   RO         1276    .text.Get_Temperature  main.o
    0x0800128a   0x00000002   PAD
    0x0800128c   0x00000114   Code   RO         1238    .text.HC05_Init     hc05.o
    0x080013a0   0x000000b0   Code   RO         1240    .text.HC05_Process  hc05.o
    0x08001450   0x000000a0   Code   RO         1252    .text.I2C1_Init     i2c.o
    0x080014f0   0x00000098   Code   RO         1260    .text.I2C2_Init     i2c.o
    0x08001588   0x00000032   Code   RO         1262    .text.I2C2_WriteReg  i2c.o
    0x080015ba   0x00000002   PAD
    0x080015bc   0x00000014   Code   RO          538    .text.I2C_AcknowledgeConfig  stm32f10x_i2c.o
    0x080015d0   0x00000012   Code   RO          528    .text.I2C_Cmd       stm32f10x_i2c.o
    0x080015e2   0x00000002   PAD
    0x080015e4   0x0000002a   Code   RO          522    .text.I2C_DeInit    stm32f10x_i2c.o
    0x0800160e   0x00000002   PAD
    0x08001610   0x00000014   Code   RO          534    .text.I2C_GenerateSTART  stm32f10x_i2c.o
    0x08001624   0x00000014   Code   RO          536    .text.I2C_GenerateSTOP  stm32f10x_i2c.o
    0x08001638   0x000000ca   Code   RO          524    .text.I2C_Init      stm32f10x_i2c.o
    0x08001702   0x00000002   PAD
    0x08001704   0x00000032   Code   RO         1258    .text.I2C_ReadReg   i2c.o
    0x08001736   0x00000002   PAD
    0x08001738   0x00000006   Code   RO          550    .text.I2C_ReceiveData  stm32f10x_i2c.o
    0x0800173e   0x00000002   PAD
    0x08001740   0x00000010   Code   RO          552    .text.I2C_Send7bitAddress  stm32f10x_i2c.o
    0x08001750   0x00000004   Code   RO          548    .text.I2C_SendData  stm32f10x_i2c.o
    0x08001754   0x00000018   Code   RO          526    .text.I2C_StructInit  stm32f10x_i2c.o
    0x0800176c   0x00000032   Code   RO         1254    .text.I2C_WriteReg  i2c.o
    0x0800179e   0x00000002   PAD
    0x080017a0   0x00000010   Code   RO          604    .text.IWDG_Enable   stm32f10x_iwdg.o
    0x080017b0   0x00000010   Code   RO          602    .text.IWDG_ReloadCounter  stm32f10x_iwdg.o
    0x080017c0   0x0000000c   Code   RO          598    .text.IWDG_SetPrescaler  stm32f10x_iwdg.o
    0x080017cc   0x0000000c   Code   RO          600    .text.IWDG_SetReload  stm32f10x_iwdg.o
    0x080017d8   0x0000000c   Code   RO          596    .text.IWDG_WriteAccessCmd  stm32f10x_iwdg.o
    0x080017e4   0x0000011a   Code   RO         1305    .text.MAX30102_Init  max30102.o
    0x080018fe   0x00000002   PAD
    0x08001900   0x000000ae   Code   RO         1307    .text.MAX30102_ReadData  max30102.o
    0x080019ae   0x00000002   PAD
    0x080019b0   0x00000046   Code   RO         1317    .text.MPU6050_Init  mpu6050.o
    0x080019f6   0x00000002   PAD
    0x080019f8   0x00000070   Code   RO         1319    .text.MPU6050_ReadData  mpu6050.o
    0x08001a68   0x0000008a   Code   RO         1333    .text.OLED_Flush    oled_ssd1306.o
    0x08001af2   0x00000002   PAD
    0x08001af4   0x00000298   Code   RO         1329    .text.OLED_Init     oled_ssd1306.o
    0x08001d8c   0x000001cc   Code   RO         1355    .text.OLED_ShowActivity  oled_ssd1306.o
    0x08001f58   0x000002ba   Code   RO         1343    .text.OLED_ShowHeartRate  oled_ssd1306.o
    0x08002212   0x00000002   PAD
    0x08002214   0x0000067c   Code   RO         1339    .text.OLED_ShowMainPage  oled_ssd1306.o
    0x08002890   0x00000236   Code   RO         1345    .text.OLED_ShowSpO2  oled_ssd1306.o
    0x08002ac6   0x00000002   PAD
    0x08002ac8   0x000001e6   Code   RO         1347    .text.OLED_ShowSteps  oled_ssd1306.o
    0x08002cae   0x00000002   PAD
    0x08002cb0   0x000001dc   Code   RO         1349    .text.OLED_ShowTemperature  oled_ssd1306.o
    0x08002e8c   0x000007e2   Code   RO         1146    .text.PPG_ProcessSamples  algorithms.o
    0x0800366e   0x00000002   PAD
    0x08003670   0x00000050   Code   RO         1427    .text.PendSV_Handler  port.o
    0x080036c0   0x00000018   Code   RO          688    .text.RCC_APB1PeriphClockCmd  stm32f10x_rcc.o
    0x080036d8   0x00000018   Code   RO          692    .text.RCC_APB1PeriphResetCmd  stm32f10x_rcc.o
    0x080036f0   0x00000018   Code   RO          686    .text.RCC_APB2PeriphClockCmd  stm32f10x_rcc.o
    0x08003708   0x0000008c   Code   RO          682    .text.RCC_GetClocksFreq  stm32f10x_rcc.o
    0x08003794   0x00000056   Code   RO         1152    .text.Reset_StepCount  algorithms.o
    0x080037ea   0x00000002   PAD
    0x080037ec   0x00000024   Code   RO         1413    .text.SVC_Handler   port.o
    0x08003810   0x000002fc   Code   RO         1150    .text.Step_ProcessAccel  algorithms.o
    0x08003b0c   0x0000002c   Code   RO         1429    .text.SysTick_Handler  port.o
    0x08003b38   0x0000005e   Code   RO           13    .text.SystemCoreClockUpdate  system_stm32f10x.o
    0x08003b96   0x00000002   PAD
    0x08003b98   0x00000110   Code   RO           11    .text.SystemInit    system_stm32f10x.o
    0x08003ca8   0x0000003a   Code   RO         1385    .text.Systick_GetTick  systick.o
    0x08003ce2   0x00000002   PAD
    0x08003ce4   0x0000002c   Code   RO         1379    .text.Systick_Init  systick.o
    0x08003d10   0x00000072   Code   RO         1397    .text.UART1_Init    uart.o
    0x08003d82   0x00000002   PAD
    0x08003d84   0x00000092   Code   RO         1395    .text.UART1_Send    uart.o
    0x08003e16   0x00000002   PAD
    0x08003e18   0x00000076   Code   RO         1399    .text.UART2_Init    uart.o
    0x08003e8e   0x00000002   PAD
    0x08003e90   0x00000014   Code   RO         1066    .text.USART_Cmd     stm32f10x_usart.o
    0x08003ea4   0x0000000a   Code   RO         1106    .text.USART_GetFlagStatus  stm32f10x_usart.o
    0x08003eae   0x00000002   PAD
    0x08003eb0   0x000000b6   Code   RO         1058    .text.USART_Init    stm32f10x_usart.o
    0x08003f66   0x00000002   PAD
    0x08003f68   0x00000008   Code   RO         1084    .text.USART_ReceiveData  stm32f10x_usart.o
    0x08003f70   0x00000008   Code   RO         1082    .text.USART_SendData  stm32f10x_usart.o
    0x08003f78   0x00000012   Code   RO         1060    .text.USART_StructInit  stm32f10x_usart.o
    0x08003f8a   0x00000002   PAD
    0x08003f8c   0x00000078   Code   RO         1264    .text.i2c_start_addr  i2c.o
    0x08004004   0x000001c2   Code   RO         1256    .text.i2c_xfer      i2c.o
    0x080041c6   0x00000002   PAD
    0x080041c8   0x000001d0   Code   RO         1282    .text.main          main.o
    0x08004398   0x000000e6   Code   RO         1341    .text.oled_draw_cn12_str  oled_ssd1306.o
    0x0800447e   0x00000002   PAD
    0x08004480   0x00000138   Code   RO         1357    .text.oled_drawchar_big  oled_ssd1306.o
    0x080045b8   0x00000142   Code   RO         1351    .text.oled_drawtemp_big_center  oled_ssd1306.o
    0x080046fa   0x00000002   PAD
    0x080046fc   0x00000088   Code   RO         1222    .text.ow_reset      ds18b20.o
    0x08004784   0x00000092   Code   RO         1226    .text.ow_write_byte  ds18b20.o
    0x08004816   0x00000002   PAD
    0x08004818   0x000000c8   Code   RO         1632    .text.prvAddCurrentTaskToDelayedList  tasks.o
    0x080048e0   0x00000076   Code   RO         1656    .text.prvIdleTask   tasks.o
    0x08004956   0x00000002   PAD
    0x08004958   0x00000020   Code   RO         1419    .text.prvStartFirstTask  port.o
    0x08004978   0x0000002e   Code   RO         1411    .text.prvTaskExitError  port.o
    0x080049a6   0x00000002   PAD
    0x080049a8   0x00000074   Code   RO         1535    .text.prvUnlockQueue  queue.o
    0x08004a1c   0x0000019e   Code   RO         1474    .text.pvPortMalloc  heap_4.o
    0x08004bba   0x00000002   PAD
    0x08004bbc   0x00000018   Code   RO         1710    .text.pvTaskIncrementMutexHeldCount  tasks.o
    0x08004bd4   0x00000020   Code   RO         1409    .text.pxPortInitialiseStack  port.o
    0x08004bf4   0x0000006c   Code   RO         1208    .text.read_byte     ds1302.o
    0x08004c60   0x00000024   Code   RO         1509    .text.uxListRemove  list.o
    0x08004c84   0x00000048   Code   RO         1278    .text.vApplicationStackOverflowHook  main.o
    0x08004ccc   0x00000016   Code   RO         1501    .text.vListInitialise  list.o
    0x08004ce2   0x00000002   PAD
    0x08004ce4   0x00000006   Code   RO         1503    .text.vListInitialiseItem  list.o
    0x08004cea   0x00000002   PAD
    0x08004cec   0x0000003a   Code   RO         1507    .text.vListInsert   list.o
    0x08004d26   0x00000002   PAD
    0x08004d28   0x00000042   Code   RO         1423    .text.vPortEnterCritical  port.o
    0x08004d6a   0x00000002   PAD
    0x08004d6c   0x00000030   Code   RO         1425    .text.vPortExitCritical  port.o
    0x08004d9c   0x000000e8   Code   RO         1476    .text.vPortFree     heap_4.o
    0x08004e84   0x0000001e   Code   RO         1417    .text.vPortSetupTimerInterrupt  port.o
    0x08004ea2   0x00000002   PAD
    0x08004ea4   0x0000000c   Code   RO         1290    .text.vTaskBluetooth  main.o
    0x08004eb0   0x00000052   Code   RO         1636    .text.vTaskDelay    tasks.o
    0x08004f02   0x00000002   PAD
    0x08004f04   0x000000d8   Code   RO         1286    .text.vTaskDisplay  main.o
    0x08004fdc   0x0000001a   Code   RO         1688    .text.vTaskInternalSetTimeOutState  tasks.o
    0x08004ff6   0x00000002   PAD
    0x08004ff8   0x0000000e   Code   RO         1692    .text.vTaskMissedYield  tasks.o
    0x08005006   0x00000002   PAD
    0x08005008   0x00000038   Code   RO         1678    .text.vTaskPlaceOnEventList  tasks.o
    0x08005040   0x000000d6   Code   RO         1706    .text.vTaskPriorityDisinheritAfterTimeout  tasks.o
    0x08005116   0x00000002   PAD
    0x08005118   0x000000a8   Code   RO         1284    .text.vTaskSensors  main.o
    0x080051c0   0x00000090   Code   RO         1654    .text.vTaskStartScheduler  tasks.o
    0x08005250   0x00000010   Code   RO         1630    .text.vTaskSuspendAll  tasks.o
    0x08005260   0x0000009a   Code   RO         1648    .text.vTaskSwitchContext  tasks.o
    0x080052fa   0x00000002   PAD
    0x080052fc   0x0000000c   Code   RO         1288    .text.vTaskVoice    main.o
    0x08005308   0x0000006e   Code   RO         1206    .text.write_byte    ds1302.o
    0x08005376   0x00000002   PAD
    0x08005378   0x000000de   Code   RO         1415    .text.xPortStartScheduler  port.o
    0x08005456   0x00000002   PAD
    0x08005458   0x0000003c   Code   RO         1523    .text.xQueueCreateMutex  queue.o
    0x08005494   0x000000a8   Code   RO         1519    .text.xQueueGenericReset  queue.o
    0x0800553c   0x000001ee   Code   RO         1527    .text.xQueueGenericSend  queue.o
    0x0800572a   0x00000002   PAD
    0x0800572c   0x000001b4   Code   RO         1531    .text.xQueueSemaphoreTake  queue.o
    0x080058e0   0x000000a4   Code   RO         1690    .text.xTaskCheckForTimeOut  tasks.o
    0x08005984   0x00000200   Code   RO         1624    .text.xTaskCreate   tasks.o
    0x08005b84   0x00000026   Code   RO         1700    .text.xTaskGetSchedulerState  tasks.o
    0x08005baa   0x00000002   PAD
    0x08005bac   0x0000000c   Code   RO         1662    .text.xTaskGetTickCount  tasks.o
    0x08005bb8   0x000001b0   Code   RO         1660    .text.xTaskIncrementTick  tasks.o
    0x08005d68   0x000000c2   Code   RO         1704    .text.xTaskPriorityDisinherit  tasks.o
    0x08005e2a   0x00000002   PAD
    0x08005e2c   0x000000be   Code   RO         1702    .text.xTaskPriorityInherit  tasks.o
    0x08005eea   0x00000002   PAD
    0x08005eec   0x000000dc   Code   RO         1682    .text.xTaskRemoveFromEventList  tasks.o
    0x08005fc8   0x0000018c   Code   RO         1634    .text.xTaskResumeAll  tasks.o
    0x08006154   0x00000034   Code   RO         2008    i.__0snprintf       mc_w.l(printfa.o)
    0x08006188   0x0000000e   Code   RO         2137    i.__scatterload_copy  mc_w.l(handlers.o)
    0x08006196   0x00000002   Code   RO         2138    i.__scatterload_null  mc_w.l(handlers.o)
    0x08006198   0x0000000e   Code   RO         2139    i.__scatterload_zeroinit  mc_w.l(handlers.o)
    0x080061a6   0x00000002   PAD
    0x080061a8   0x0000000c   Code   RO         2115    i.__set_errno       mc_w.l(errno.o)
    0x080061b4   0x00000184   Code   RO         2014    i._fp_digits        mc_w.l(printfa.o)
    0x08006338   0x000006dc   Code   RO         2015    i._printf_core      mc_w.l(printfa.o)
    0x08006a14   0x00000024   Code   RO         2016    i._printf_post_padding  mc_w.l(printfa.o)
    0x08006a38   0x0000002e   Code   RO         2017    i._printf_pre_padding  mc_w.l(printfa.o)
    0x08006a66   0x00000016   Code   RO         2018    i._snputc           mc_w.l(printfa.o)
    0x08006a7c   0x0000002c   Code   RO         1758    i.sqrtf             m_ws.l(sqrtf.o)
    0x08006aa8   0x00000004   Data   RO          707    .rodata.ADCPrescTable  stm32f10x_rcc.o
    0x08006aac   0x00000010   Data   RO           16    .rodata.AHBPrescTable  system_stm32f10x.o
    0x08006abc   0x00000010   Data   RO          706    .rodata.APBAHBPrescTable  stm32f10x_rcc.o
    0x08006acc   0x00000004   Data   RO         1364    .rodata.OLED_ShowMainPage.c1  oled_ssd1306.o
    0x08006ad0   0x00000004   Data   RO         1365    .rodata.OLED_ShowMainPage.c2  oled_ssd1306.o
    0x08006ad4   0x00000004   Data   RO         1366    .rodata.OLED_ShowMainPage.c3  oled_ssd1306.o
    0x08006ad8   0x00000004   Data   RO         1367    .rodata.OLED_ShowMainPage.c4  oled_ssd1306.o
    0x08006adc   0x00000004   Data   RO         1368    .rodata.OLED_ShowMainPage.c5  oled_ssd1306.o
    0x08006ae0   0x00000004   Data   RO         1369    .rodata.OLED_ShowMainPage.c6  oled_ssd1306.o
    0x08006ae4   0x000001db   Data   RO         1362    .rodata.font5x7     oled_ssd1306.o
    0x08006cbf   0x00000150   Data   RO         1370    .rodata.font_cn_12  oled_ssd1306.o
    0x08006e0f   0x000000d8   Data   RO         1363    .rodata.str1.1      oled_ssd1306.o
    0x08006ee7   0x00000028   Data   RO         1436    .rodata.str1.1      port.o
    0x08006f0f   0x00000018   Data   RO         1486    .rodata.str1.1      heap_4.o
    0x08006f27   0x00000017   Data   RO         1571    .rodata.str1.1      queue.o
    0x08006f3e   0x00000017   Data   RO         1736    .rodata.str1.1      tasks.o
    0x08006f55   0x00000003   PAD
    0x08006f58   0x00000004   Data   RO         1727    .rodata.uxTopUsedPriority  tasks.o
    0x08006f5c   0x00000020   Data   RO         2136    Region$$Table       anon$$obj.o


    Execution Region ER_RW (Base: 0x20000000, Size: 0x00000018, Max: 0xffffffff, ABSOLUTE)

    Base Addr    Size         Type   Attr      Idx    E Section Name        Object

    0x20000000   0x00000004   Data   RW         2116    .data               mc_w.l(errno.o)
    0x20000004   0x00000004   Data   RW         1174    .data.Step_ProcessAccel.thr  algorithms.o
    0x20000008   0x00000004   Data   RW           15    .data.SystemCoreClock  system_stm32f10x.o
    0x2000000c   0x00000004   Data   RW         1438    .data.uxCriticalNesting  port.o
    0x20000010   0x00000004   Data   RW         1487    .data.xFreeBytesRemaining  heap_4.o
    0x20000014   0x00000004   Data   RW         1489    .data.xMinimumEverFreeBytesRemaining  heap_4.o


    Execution Region ER_ZI (Base: 0x20000018, Size: 0x00005500, Max: 0xffffffff, ABSOLUTE)

    Base Addr    Size         Type   Attr      Idx    E Section Name        Object

    0x20000018   0x00000004   Zero   RW         1295    .bss.Key_Get.last_tick  main.o
    0x2000001c   0x00000004   Zero   RW         1173    .bss.Step_ProcessAccel.grav  algorithms.o
    0x20000020   0x00000001   Zero   RW         1157    .bss.activity_state  algorithms.o
    0x20000021   0x00000007   PAD
    0x20000028   0x00000008   Zero   RW         1361    .bss.dirty          oled_ssd1306.o
    0x20000030   0x00000004   Zero   RW         1171    .bss.ema_hr         algorithms.o
    0x20000034   0x00000004   Zero   RW         1172    .bss.ema_spo2       algorithms.o
    0x20000038   0x00000320   Zero   RW         1167    .bss.filtered       algorithms.o
    0x20000358   0x00000400   Zero   RW         1360    .bss.framebuf       oled_ssd1306.o
    0x20000758   0x00000004   Zero   RW         1267    .bss.g_i2c2_mutex   i2c.o
    0x2000075c   0x00000004   Zero   RW         1266    .bss.g_i2c_mutex    i2c.o
    0x20000760   0x00000004   Zero   RW         1359    .bss.g_oled_mutex   oled_ssd1306.o
    0x20000764   0x00000004   Zero   RW         1293    .bss.g_temp_valid   main.o
    0x20000768   0x00000004   Zero   RW         1292    .bss.g_temperature  main.o
    0x2000076c   0x00000004   Zero   RW         1165    .bss.hp_state       algorithms.o
    0x20000770   0x00000004   Zero   RW         1154    .bss.hr             algorithms.o
    0x20000774   0x00000004   Zero   RW         1242    .bss.last_report_tick  hc05.o
    0x20000778   0x00000004   Zero   RW         1164    .bss.lp_state       algorithms.o
    0x2000077c   0x00000001   Zero   RW         1168    .bss.peak_count     algorithms.o
    0x2000077d   0x00000001   Zero   RW         1183    .bss.peak_head      algorithms.o
    0x2000077e   0x00000002   PAD
    0x20000780   0x00000080   Zero   RW         1184    .bss.peak_times     algorithms.o
    0x20000800   0x00000001   Zero   RW         1170    .bss.ppg_bad_count  algorithms.o
    0x20000801   0x00000001   PAD
    0x20000802   0x00000002   Zero   RW         1162    .bss.ppg_count      algorithms.o
    0x20000804   0x00000400   Zero   RW         1158    .bss.ppg_ir         algorithms.o
    0x20000c04   0x00000001   Zero   RW         1169    .bss.ppg_lock_count  algorithms.o
    0x20000c05   0x00000003   PAD
    0x20000c08   0x00000400   Zero   RW         1160    .bss.ppg_red        algorithms.o
    0x20001008   0x00000004   Zero   RW         1161    .bss.ppg_total      algorithms.o
    0x2000100c   0x00000002   Zero   RW         1159    .bss.ppg_write_idx  algorithms.o
    0x2000100e   0x00000002   PAD
    0x20001010   0x00000004   Zero   RW         1726    .bss.pxCurrentTCB   tasks.o
    0x20001014   0x00000004   Zero   RW         1738    .bss.pxDelayedTaskList  tasks.o
    0x20001018   0x00000004   Zero   RW         1484    .bss.pxEnd          heap_4.o
    0x2000101c   0x00000004   Zero   RW         1739    .bss.pxOverflowDelayedTaskList  tasks.o
    0x20001020   0x00000064   Zero   RW         1728    .bss.pxReadyTasksLists  tasks.o
    0x20001084   0x00000004   Zero   RW         1155    .bss.spo2           algorithms.o
    0x20001088   0x00000001   Zero   RW         1175    .bss.step_armed     algorithms.o
    0x20001089   0x00000001   Zero   RW         1177    .bss.step_confirmed  algorithms.o
    0x2000108a   0x00000001   Zero   RW         1182    .bss.step_hist_cnt  algorithms.o
    0x2000108b   0x00000001   Zero   RW         1181    .bss.step_hist_idx  algorithms.o
    0x2000108c   0x00000020   Zero   RW         1180    .bss.step_intervals  algorithms.o
    0x200010ac   0x00000004   Zero   RW         1176    .bss.step_last      algorithms.o
    0x200010b0   0x00000001   Zero   RW         1179    .bss.step_pending_cnt  algorithms.o
    0x200010b1   0x00000003   PAD
    0x200010b4   0x00000008   Zero   RW         1178    .bss.step_pending_ts  algorithms.o
    0x200010bc   0x00000004   Zero   RW         1156    .bss.steps          algorithms.o
    0x200010c0   0x00000080   Zero   RW         1243    .bss.txbuf          hc05.o
    0x20001140   0x00003c00   Zero   RW         1492    .bss.ucHeap         heap_4.o
    0x20004d40   0x00000001   Zero   RW         1435    .bss.ucMaxSysCallPriority  port.o
    0x20004d41   0x00000003   PAD
    0x20004d44   0x00000004   Zero   RW         1437    .bss.ulMaxPRIGROUPValue  port.o
    0x20004d48   0x00000004   Zero   RW         1733    .bss.uxCurrentNumberOfTasks  tasks.o
    0x20004d4c   0x00000004   Zero   RW         1732    .bss.uxDeletedTasksWaitingCleanUp  tasks.o
    0x20004d50   0x00000004   Zero   RW         1735    .bss.uxSchedulerSuspended  tasks.o
    0x20004d54   0x00000004   Zero   RW         1730    .bss.uxTaskNumber   tasks.o
    0x20004d58   0x00000004   Zero   RW         1729    .bss.uxTopReadyPriority  tasks.o
    0x20004d5c   0x00000001   Zero   RW         1294    .bss.vTaskSensors.ds18b20_tick  main.o
    0x20004d5d   0x00000003   PAD
    0x20004d60   0x00000320   Zero   RW         1163    .bss.window_ir      algorithms.o
    0x20005080   0x00000001   Zero   RW         1485    .bss.xBlockAllocatedBit  heap_4.o
    0x20005081   0x00000003   PAD
    0x20005084   0x00000014   Zero   RW         1747    .bss.xDelayedTaskList1  tasks.o
    0x20005098   0x00000014   Zero   RW         1748    .bss.xDelayedTaskList2  tasks.o
    0x200050ac   0x00000004   Zero   RW         1743    .bss.xIdleTaskHandle  tasks.o
    0x200050b0   0x00000004   Zero   RW         1744    .bss.xNextTaskUnblockTime  tasks.o
    0x200050b4   0x00000004   Zero   RW         1746    .bss.xNumOfOverflows  tasks.o
    0x200050b8   0x00000004   Zero   RW         1490    .bss.xNumberOfSuccessfulAllocations  heap_4.o
    0x200050bc   0x00000004   Zero   RW         1491    .bss.xNumberOfSuccessfulFrees  heap_4.o
    0x200050c0   0x00000004   Zero   RW         1745    .bss.xPendedTicks   tasks.o
    0x200050c4   0x00000014   Zero   RW         1740    .bss.xPendingReadyList  tasks.o
    0x200050d8   0x00000004   Zero   RW         1734    .bss.xSchedulerRunning  tasks.o
    0x200050dc   0x00000008   Zero   RW         1488    .bss.xStart         heap_4.o
    0x200050e4   0x00000014   Zero   RW         1741    .bss.xSuspendedTaskList  tasks.o
    0x200050f8   0x00000014   Zero   RW         1731    .bss.xTasksWaitingTermination  tasks.o
    0x2000510c   0x00000004   Zero   RW         1737    .bss.xTickCount     tasks.o
    0x20005110   0x00000004   Zero   RW         1742    .bss.xYieldPending  tasks.o
    0x20005114   0x00000004   Zero   RW         1166    .bss.x_prev         algorithms.o
    0x20005118   0x00000400   Zero   RW            1    STACK               startup_stm32f10x_hd.o


==============================================================================

Image component sizes


      Code (inc. data)   RO Data    RW Data    ZI Data      Debug   Object Name

      2954          0          0          4       3874       8823   algorithms.o
       164          6          0          0          0       1513   asr_pro.o
       738          0          0          0          0       4048   ds1302.o
       708          0          0          0          0       5035   ds18b20.o
       452         76          0          0        132       2518   hc05.o
       646          0         24          8      15381       3860   heap_4.o
      1032          0          0          0          8       6334   i2c.o
       122          0          0          0          0       2096   list.o
      1090        174          0          0         13       5162   main.o
       456          0          0          0          0       3091   max30102.o
       182          0          0          0          0       1329   mpu6050.o
      6012        116       1051          0       1036      26568   oled_ssd1306.o
       636         12         40          4          5       3862   port.o
      1274          0         23          0          0      18267   queue.o
        36          8        304          0       1024        824   startup_stm32f10x_hd.o
       338          0          0          0          0       5921   stm32f10x_gpio.o
       372          0          0          0          0       9341   stm32f10x_i2c.o
        68          0          0          0          0       1629   stm32f10x_iwdg.o
       212          0         20          0          0       8275   stm32f10x_rcc.o
       246          0          0          0          0       8649   stm32f10x_usart.o
       366          0         16          4          0       2720   system_stm32f10x.o
       202          0          0          0          0       2206   systick.o
      3206          8         27          0        260      30694   tasks.o
       378          0          0          0          0       3465   uart.o

    ----------------------------------------------------------------------
     22004        400       1540         20      21760     166230   Object Totals
         0          0         32          0          0          0   (incl. Generated)
       114          0          3          0         27          0   (incl. Padding)

    ----------------------------------------------------------------------

      Code (inc. data)   RO Data    RW Data    ZI Data      Debug   Library Member Name

        44          0          0          0          0         80   sqrtf.o
         0          0          0          0          0          0   entry.o
         0          0          0          0          0          0   entry10a.o
         0          0          0          0          0          0   entry11a.o
         8          4          0          0          0          0   entry2.o
         4          0          0          0          0          0   entry5.o
         0          0          0          0          0          0   entry7b.o
         0          0          0          0          0          0   entry8b.o
         8          4          0          0          0          0   entry9a.o
        12          6          0          4          0         68   errno.o
        30          0          0          0          0          0   handlers.o
        48         10          0          0          0         68   init.o
         0          0          0          0          0          0   iusefp.o
        30          0          0          0          0         68   llshl.o
        36          0          0          0          0         68   llsshr.o
        32          0          0          0          0         68   llushr.o
        36          0          0          0          0         68   memcpya.o
        36          0          0          0          0        108   memseta.o
      2300         84          0          0          0        524   printfa.o
        14          0          0          0          0         68   strlen.o
        36          0          0          0          0         80   strstr.o
        44          0          0          0          0         80   uidiv.o
        98          0          0          0          0         92   uldiv.o
        48          0          0          0          0         68   cdrcmple.o
        56          0          0          0          0         88   d2f.o
       334          0          0          0          0        148   dadd.o
        54          0          0          0          0         80   dcmpgt.o
        54          0          0          0          0         80   dcmplt.o
       222          0          0          0          0        100   ddiv.o
       186          0          0          0          0        176   depilogue.o
        62          0          0          0          0         80   dfixi.o
        48          0          0          0          0         68   dfixul.o
        26          0          0          0          0         76   dfltui.o
       228          0          0          0          0         96   dmul.o
        38          0          0          0          0         68   f2d.o
       176          0          0          0          0        140   fadd.o
        28          0          0          0          0         68   fcmpeq.o
        28          0          0          0          0         68   fcmpge.o
        28          0          0          0          0         68   fcmpgt.o
        28          0          0          0          0         68   fcmple.o
        28          0          0          0          0         68   fcmplt.o
       124          0          0          0          0         88   fdiv.o
       110          0          0          0          0        168   fepilogue.o
        50          0          0          0          0         68   ffixi.o
        18          0          0          0          0         68   fflti.o
        10          0          0          0          0         68   ffltui.o
       100          0          0          0          0         76   fmul.o
        94          0          0          0          0         96   fsqrt.o

    ----------------------------------------------------------------------
      4996        108          0          4          0       3680   Library Totals
         2          0          0          0          0          0   (incl. Padding)

    ----------------------------------------------------------------------

      Code (inc. data)   RO Data    RW Data    ZI Data      Debug   Library Name

        44          0          0          0          0         80   m_ws.l
      2772        108          0          4          0       1360   mc_w.l
      2178          0          0          0          0       2240   mf_w.l

    ----------------------------------------------------------------------
      4996        108          0          4          0       3680   Library Totals

    ----------------------------------------------------------------------

==============================================================================


      Code (inc. data)   RO Data    RW Data    ZI Data      Debug   

     27000        508       1540         24      21760     167542   Grand Totals
     27000        508       1540         24      21760     167542   ELF Image Totals
     27000        508       1540         24          0          0   ROM Totals

==============================================================================

    Total RO  Size (Code + RO Data)                28540 (  27.87kB)
    Total RW  Size (RW Data + ZI Data)             21784 (  21.27kB)
    Total ROM Size (Code + RO Data + RW Data)      28564 (  27.89kB)

==============================================================================

